Archive member included because of file (symbol)

/opt/Freescale/KDS_v3/toolchain/bin/../lib/gcc/arm-none-eabi/4.8.4/../../../../arm-none-eabi/lib/armv7e-m/fpu/libm.a(lib_a-s_modf.o)
                              ./utilities/fsl_debug_console.o (modf)
/opt/Freescale/KDS_v3/toolchain/bin/../lib/gcc/arm-none-eabi/4.8.4/../../../../arm-none-eabi/lib/armv7e-m/fpu/libm.a(lib_a-w_pow.o)
                              ./utilities/fsl_debug_console.o (pow)
/opt/Freescale/KDS_v3/toolchain/bin/../lib/gcc/arm-none-eabi/4.8.4/../../../../arm-none-eabi/lib/armv7e-m/fpu/libm.a(lib_a-e_pow.o)
                              /opt/Freescale/KDS_v3/toolchain/bin/../lib/gcc/arm-none-eabi/4.8.4/../../../../arm-none-eabi/lib/armv7e-m/fpu/libm.a(lib_a-w_pow.o) (__ieee754_pow)
/opt/Freescale/KDS_v3/toolchain/bin/../lib/gcc/arm-none-eabi/4.8.4/../../../../arm-none-eabi/lib/armv7e-m/fpu/libm.a(lib_a-e_sqrt.o)
                              /opt/Freescale/KDS_v3/toolchain/bin/../lib/gcc/arm-none-eabi/4.8.4/../../../../arm-none-eabi/lib/armv7e-m/fpu/libm.a(lib_a-e_pow.o) (__ieee754_sqrt)
/opt/Freescale/KDS_v3/toolchain/bin/../lib/gcc/arm-none-eabi/4.8.4/../../../../arm-none-eabi/lib/armv7e-m/fpu/libm.a(lib_a-s_fabs.o)
                              /opt/Freescale/KDS_v3/toolchain/bin/../lib/gcc/arm-none-eabi/4.8.4/../../../../arm-none-eabi/lib/armv7e-m/fpu/libm.a(lib_a-e_pow.o) (fabs)
/opt/Freescale/KDS_v3/toolchain/bin/../lib/gcc/arm-none-eabi/4.8.4/../../../../arm-none-eabi/lib/armv7e-m/fpu/libm.a(lib_a-s_finite.o)
                              /opt/Freescale/KDS_v3/toolchain/bin/../lib/gcc/arm-none-eabi/4.8.4/../../../../arm-none-eabi/lib/armv7e-m/fpu/libm.a(lib_a-w_pow.o) (finite)
/opt/Freescale/KDS_v3/toolchain/bin/../lib/gcc/arm-none-eabi/4.8.4/../../../../arm-none-eabi/lib/armv7e-m/fpu/libm.a(lib_a-s_fpclassify.o)
                              /opt/Freescale/KDS_v3/toolchain/bin/../lib/gcc/arm-none-eabi/4.8.4/../../../../arm-none-eabi/lib/armv7e-m/fpu/libm.a(lib_a-w_pow.o) (__fpclassifyd)
/opt/Freescale/KDS_v3/toolchain/bin/../lib/gcc/arm-none-eabi/4.8.4/../../../../arm-none-eabi/lib/armv7e-m/fpu/libm.a(lib_a-s_lib_ver.o)
                              /opt/Freescale/KDS_v3/toolchain/bin/../lib/gcc/arm-none-eabi/4.8.4/../../../../arm-none-eabi/lib/armv7e-m/fpu/libm.a(lib_a-w_pow.o) (__fdlib_version)
/opt/Freescale/KDS_v3/toolchain/bin/../lib/gcc/arm-none-eabi/4.8.4/../../../../arm-none-eabi/lib/armv7e-m/fpu/libm.a(lib_a-s_matherr.o)
                              /opt/Freescale/KDS_v3/toolchain/bin/../lib/gcc/arm-none-eabi/4.8.4/../../../../arm-none-eabi/lib/armv7e-m/fpu/libm.a(lib_a-w_pow.o) (matherr)
/opt/Freescale/KDS_v3/toolchain/bin/../lib/gcc/arm-none-eabi/4.8.4/../../../../arm-none-eabi/lib/armv7e-m/fpu/libm.a(lib_a-s_nan.o)
                              /opt/Freescale/KDS_v3/toolchain/bin/../lib/gcc/arm-none-eabi/4.8.4/../../../../arm-none-eabi/lib/armv7e-m/fpu/libm.a(lib_a-e_pow.o) (nan)
/opt/Freescale/KDS_v3/toolchain/bin/../lib/gcc/arm-none-eabi/4.8.4/../../../../arm-none-eabi/lib/armv7e-m/fpu/libm.a(lib_a-s_rint.o)
                              /opt/Freescale/KDS_v3/toolchain/bin/../lib/gcc/arm-none-eabi/4.8.4/../../../../arm-none-eabi/lib/armv7e-m/fpu/libm.a(lib_a-w_pow.o) (rint)
/opt/Freescale/KDS_v3/toolchain/bin/../lib/gcc/arm-none-eabi/4.8.4/../../../../arm-none-eabi/lib/armv7e-m/fpu/libm.a(lib_a-s_scalbn.o)
                              /opt/Freescale/KDS_v3/toolchain/bin/../lib/gcc/arm-none-eabi/4.8.4/../../../../arm-none-eabi/lib/armv7e-m/fpu/libm.a(lib_a-e_pow.o) (scalbn)
/opt/Freescale/KDS_v3/toolchain/bin/../lib/gcc/arm-none-eabi/4.8.4/../../../../arm-none-eabi/lib/armv7e-m/fpu/libm.a(lib_a-s_copysign.o)
                              /opt/Freescale/KDS_v3/toolchain/bin/../lib/gcc/arm-none-eabi/4.8.4/../../../../arm-none-eabi/lib/armv7e-m/fpu/libm.a(lib_a-s_scalbn.o) (copysign)
/opt/Freescale/KDS_v3/toolchain/bin/../lib/gcc/arm-none-eabi/4.8.4/armv7e-m/fpu/libgcc.a(_arm_addsubdf3.o)
                              ./utilities/fsl_debug_console.o (__aeabi_dsub)
/opt/Freescale/KDS_v3/toolchain/bin/../lib/gcc/arm-none-eabi/4.8.4/armv7e-m/fpu/libgcc.a(_arm_muldivdf3.o)
                              ./utilities/fsl_debug_console.o (__aeabi_dmul)
/opt/Freescale/KDS_v3/toolchain/bin/../lib/gcc/arm-none-eabi/4.8.4/armv7e-m/fpu/libgcc.a(_arm_cmpdf2.o)
                              ./utilities/fsl_debug_console.o (__aeabi_dcmpeq)
/opt/Freescale/KDS_v3/toolchain/bin/../lib/gcc/arm-none-eabi/4.8.4/armv7e-m/fpu/libgcc.a(_arm_fixdfsi.o)
                              ./utilities/fsl_debug_console.o (__aeabi_d2iz)
/opt/Freescale/KDS_v3/toolchain/bin/../lib/gcc/arm-none-eabi/4.8.4/armv7e-m/fpu/libgcc.a(_arm_truncdfsf2.o)
                              ./utilities/fsl_debug_console.o (__aeabi_d2f)
/opt/Freescale/KDS_v3/toolchain/bin/../lib/gcc/arm-none-eabi/4.8.4/armv7e-m/fpu/libgcc.a(_aeabi_ldivmod.o)
                              ./utilities/fsl_debug_console.o (__aeabi_ldivmod)
[...]
Memory Configuration

Name             Origin             Length             Attributes
m_interrupts     0x00000000         0x00000400         xr
m_flash_config   0x00000400         0x00000010         xr
m_text           0x00000410         0x0007fbf0         xr
m_data           0x1fff0000         0x00010000         rw
m_data_2         0x20000000         0x00010000         rw
*default*        0x00000000         0xffffffff

Linker script and memory map

LOAD /opt/Freescale/KDS_v3/toolchain/bin/../lib/gcc/arm-none-eabi/4.8.4/armv7e-m/fpu/crti.o
LOAD /opt/Freescale/KDS_v3/toolchain/bin/../lib/gcc/arm-none-eabi/4.8.4/armv7e-m/fpu/crtbegin.o
LOAD /opt/Freescale/KDS_v3/toolchain/bin/../lib/gcc/arm-none-eabi/4.8.4/../../../../arm-none-eabi/lib/armv7e-m/fpu/crt0.o
LOAD ./utilities/fsl_debug_console.o
LOAD ./utilities/fsl_notifier.o
LOAD ./utilities/fsl_sbrk.o
LOAD ./startup/startup_MK22F51212.o
LOAD ./startup/system_MK22F51212.o
LOAD ./source/util/util.o
LOAD ./source/tasks/tasks.o
LOAD ./source/hardware/gateTimer.o
LOAD ./source/hardware/hardware.o
LOAD ./source/main.o
LOAD ./freertos/Source/portable/MemMang/heap_4.o
LOAD ./freertos/Source/portable/GCC/ARM_CM4F/port.o
LOAD ./freertos/Source/croutine.o
LOAD ./freertos/Source/event_groups.o
LOAD ./freertos/Source/list.o
LOAD ./freertos/Source/queue.o
LOAD ./freertos/Source/tasks.o
LOAD ./freertos/Source/timers.o
LOAD ./drivers/fsl_adc16.o
LOAD ./drivers/fsl_clock.o
LOAD ./drivers/fsl_cmp.o
LOAD ./drivers/fsl_common.o
LOAD ./drivers/fsl_crc.o
LOAD ./drivers/fsl_dac.o
LOAD ./drivers/fsl_dmamux.o
LOAD ./drivers/fsl_dspi.o
LOAD ./drivers/fsl_dspi_edma.o
LOAD ./drivers/fsl_dspi_freertos.o
LOAD ./drivers/fsl_edma.o
LOAD ./drivers/fsl_ewm.o
LOAD ./drivers/fsl_flash.o
LOAD ./drivers/fsl_flexbus.o
LOAD ./drivers/fsl_ftm.o
LOAD ./drivers/fsl_gpio.o
LOAD ./drivers/fsl_i2c.o
LOAD ./drivers/fsl_i2c_edma.o
LOAD ./drivers/fsl_i2c_freertos.o
LOAD ./drivers/fsl_llwu.o
LOAD ./drivers/fsl_lptmr.o
LOAD ./drivers/fsl_lpuart.o
LOAD ./drivers/fsl_lpuart_edma.o
LOAD ./drivers/fsl_lpuart_freertos.o
LOAD ./drivers/fsl_pdb.o
LOAD ./drivers/fsl_pit.o
LOAD ./drivers/fsl_pmc.o
LOAD ./drivers/fsl_rcm.o
LOAD ./drivers/fsl_rnga.o
LOAD ./drivers/fsl_rtc.o
LOAD ./drivers/fsl_sai.o
LOAD ./drivers/fsl_sai_edma.o
LOAD ./drivers/fsl_sim.o
LOAD ./drivers/fsl_smc.o
LOAD ./drivers/fsl_uart.o
LOAD ./drivers/fsl_uart_edma.o
LOAD ./drivers/fsl_uart_freertos.o
LOAD ./drivers/fsl_vref.o
LOAD ./drivers/fsl_wdog.o
LOAD ./board/board.o
LOAD ./board/clock_config.o
LOAD ./board/pin_mux.o
LOAD /opt/Freescale/KDS_v3/toolchain/bin/../lib/gcc/arm-none-eabi/4.8.4/../../../../arm-none-eabi/lib/armv7e-m/fpu/libstdc++_s.a
LOAD /opt/Freescale/KDS_v3/toolchain/bin/../lib/gcc/arm-none-eabi/4.8.4/../../../../arm-none-eabi/lib/armv7e-m/fpu/libm.a
START GROUP
LOAD /opt/Freescale/KDS_v3/toolchain/bin/../lib/gcc/arm-none-eabi/4.8.4/armv7e-m/fpu/libgcc.a
LOAD /opt/Freescale/KDS_v3/toolchain/bin/../lib/gcc/arm-none-eabi/4.8.4/../../../../arm-none-eabi/lib/armv7e-m/fpu/libg_s.a
LOAD /opt/Freescale/KDS_v3/toolchain/bin/../lib/gcc/arm-none-eabi/4.8.4/../../../../arm-none-eabi/lib/armv7e-m/fpu/libc_s.a
END GROUP
START GROUP
LOAD /opt/Freescale/KDS_v3/toolchain/bin/../lib/gcc/arm-none-eabi/4.8.4/armv7e-m/fpu/libgcc.a
LOAD /opt/Freescale/KDS_v3/toolchain/bin/../lib/gcc/arm-none-eabi/4.8.4/../../../../arm-none-eabi/lib/armv7e-m/fpu/libc_s.a
LOAD /opt/Freescale/KDS_v3/toolchain/bin/../lib/gcc/arm-none-eabi/4.8.4/../../../../arm-none-eabi/lib/armv7e-m/fpu/libnosys.a
END GROUP
START GROUP
LOAD /opt/Freescale/KDS_v3/toolchain/bin/../lib/gcc/arm-none-eabi/4.8.4/armv7e-m/fpu/libgcc.a
LOAD /opt/Freescale/KDS_v3/toolchain/bin/../lib/gcc/arm-none-eabi/4.8.4/../../../../arm-none-eabi/lib/armv7e-m/fpu/libc_s.a
LOAD /opt/Freescale/KDS_v3/toolchain/bin/../lib/gcc/arm-none-eabi/4.8.4/../../../../arm-none-eabi/lib/armv7e-m/fpu/libnosys.a
END GROUP
LOAD /opt/Freescale/KDS_v3/toolchain/bin/../lib/gcc/arm-none-eabi/4.8.4/armv7e-m/fpu/crtend.o
LOAD /opt/Freescale/KDS_v3/toolchain/bin/../lib/gcc/arm-none-eabi/4.8.4/armv7e-m/fpu/crtn.o
                0x00000400                HEAP_SIZE = DEFINED (__heap_size__)?__heap_size__:0x400
                0x00000400                STACK_SIZE = DEFINED (__stack_size__)?__stack_size__:0x400
                0x00000000                M_VECTOR_RAM_SIZE = DEFINED (__ram_vector_table__)?0x400:0x0

.interrupts     0x00000000      0x400
                0x00000000                __VECTOR_TABLE = .
                0x00000000                . = ALIGN (0x4)
 *(.isr_vector)
 .isr_vector    0x00000000      0x400 ./startup/startup_MK22F51212.o
                0x00000000                __isr_vector
                0x00000400                . = ALIGN (0x4)

.flash_config   0x00000400       0x10
                0x00000400                . = ALIGN (0x4)
 *(.FlashConfig)
 .FlashConfig   0x00000400       0x10 ./startup/startup_MK22F51212.o
                0x00000410                . = ALIGN (0x4)

.text           0x00000410     0x9110
                0x00000410                . = ALIGN (0x4)
 *(.text)
 .text          0x00000410       0x54 /opt/Freescale/KDS_v3/toolchain/bin/../lib/gcc/arm-none-eabi/4.8.4/armv7e-m/fpu/crtbegin.o
 .text          0x00000464       0x74 /opt/Freescale/KDS_v3/toolchain/bin/../lib/gcc/arm-none-eabi/4.8.4/../../../../arm-none-eabi/lib/armv7e-m/fpu/crt0.o
                0x00000464                _mainCRTStartup
                0x00000464                _start
 .text          0x000004d8      0x160 ./startup/startup_MK22F51212.o
                0x000004d8                Reset_Handler
                0x0000051c                Reserved96_IRQHandler
                0x0000051c                Reserved54_IRQHandler
                0x0000051c                DebugMon_Handler
                0x0000051c                Reserved86_IRQHandler
                0x0000051c                Reserved85_IRQHandler
                0x0000051c                DMA_Error_DriverIRQHandler
                0x0000051c                Reserved99_IRQHandler
                0x0000051c                LLWU_IRQHandler
                0x0000051c                Reserved84_IRQHandler
                0x0000051c                Reserved92_IRQHandler
                0x0000051c                SWI_IRQHandler
                0x0000051c                ADC0_IRQHandler
                0x0000051c                UsageFault_Handler
                0x0000051c                DefaultISR
                0x0000051c                Reserved82_IRQHandler
                0x0000051c                CMP1_IRQHandler
                0x0000051c                Reserved71_IRQHandler
                0x0000051c                PORTD_IRQHandler
                0x0000051c                PORTB_IRQHandler
                0x0000051c                UART2_ERR_DriverIRQHandler
                0x0000051c                Reserved70_IRQHandler
                0x0000051c                ADC1_IRQHandler
                0x0000051c                PIT2_IRQHandler
                0x0000051c                Reserved53_IRQHandler
                0x0000051c                RTC_IRQHandler
                0x0000051c                PDB0_IRQHandler
                0x0000051c                FTM1_IRQHandler
                0x0000051c                Reserved61_IRQHandler
                0x0000051c                Reserved95_IRQHandler
                0x0000051c                PIT3_IRQHandler
                0x0000051c                RTC_Seconds_IRQHandler
                0x0000051c                MCG_IRQHandler
                0x0000051c                UART0_ERR_DriverIRQHandler
                0x0000051c                Read_Collision_IRQHandler
                0x0000051c                Reserved98_IRQHandler
                0x0000051c                Reserved101_IRQHandler
                0x0000051c                USB0_IRQHandler
                0x0000051c                WDOG_EWM_IRQHandler
                0x0000051c                MemManage_Handler
                0x0000051c                Reserved90_IRQHandler
                0x0000051c                Reserved83_IRQHandler
                0x0000051c                Reserved100_IRQHandler
                0x0000051c                RNG_IRQHandler
                0x0000051c                Reserved97_IRQHandler
                0x0000051c                Reserved91_IRQHandler
                0x0000051c                DAC0_IRQHandler
                0x0000051c                Reserved81_IRQHandler
                0x0000051c                Reserved94_IRQHandler
                0x0000051c                PIT1_IRQHandler
                0x0000051c                LVD_LVW_IRQHandler
                0x0000051c                FTM0_IRQHandler
                0x0000051c                PORTA_IRQHandler
                0x0000051c                DAC1_IRQHandler
                0x0000051c                MCM_IRQHandler
                0x0000051c                FTM3_IRQHandler
                0x0000051c                PORTE_IRQHandler
                0x0000051c                FTM2_IRQHandler
                0x0000051c                LPTMR0_IRQHandler
                0x0000051c                BusFault_Handler
                0x0000051c                UART1_ERR_DriverIRQHandler
                0x0000051c                Reserved93_IRQHandler
                0x0000051c                CMP0_IRQHandler
                0x0000051c                PORTC_IRQHandler
                0x0000051c                FTF_IRQHandler
                0x00000520                NMI_Handler
                0x00000524                HardFault_Handler
                0x00000534                DMA0_IRQHandler
                0x00000538                DMA1_IRQHandler
                0x0000053c                DMA2_IRQHandler
                0x00000540                DMA3_IRQHandler
                0x00000544                DMA4_IRQHandler
                0x00000548                DMA5_IRQHandler
                0x0000054c                DMA6_IRQHandler
                0x00000550                DMA7_IRQHandler
                0x00000554                DMA8_IRQHandler
                0x00000558                DMA9_IRQHandler
                0x0000055c                DMA10_IRQHandler
                0x00000560                DMA11_IRQHandler
                0x00000564                DMA12_IRQHandler
                0x00000568                DMA13_IRQHandler
                0x0000056c                DMA14_IRQHandler
                0x00000570                DMA15_IRQHandler
                0x00000574                DMA_Error_IRQHandler
                0x00000578                I2C0_IRQHandler
                0x0000057c                I2C1_IRQHandler
                0x00000580                SPI0_IRQHandler
                0x00000584                SPI1_IRQHandler
                0x00000588                I2S0_Tx_IRQHandler
                0x0000058c                I2S0_Rx_IRQHandler
                0x00000590                LPUART0_IRQHandler
                0x00000594                UART0_RX_TX_IRQHandler
                0x00000598                UART0_ERR_IRQHandler
                0x0000059c                UART1_RX_TX_IRQHandler
                0x000005a0                UART1_ERR_IRQHandler
                0x000005a4                UART2_RX_TX_IRQHandler
                0x000005a8                UART2_ERR_IRQHandler
 .text          0x00000638      0x370 /opt/Freescale/KDS_v3/toolchain/bin/../lib/gcc/arm-none-eabi/4.8.4/armv7e-m/fpu/libgcc.a(_arm_addsubdf3.o)
                0x00000638                __aeabi_drsub
                0x00000640                __aeabi_dsub
                0x00000640                __subdf3
                0x00000644                __adddf3
                0x00000644                __aeabi_dadd
                0x000008bc                __aeabi_ui2d
                0x000008bc                __floatunsidf
                0x000008dc                __floatsidf
                0x000008dc                __aeabi_i2d
                0x00000900                __extendsfdf2
                0x00000900                __aeabi_f2d
                0x0000093c                __aeabi_ul2d
                0x0000093c                __floatundidf
                0x0000094c                __floatdidf
                0x0000094c                __aeabi_l2d
 .text          0x000009a8      0x424 /opt/Freescale/KDS_v3/toolchain/bin/../lib/gcc/arm-none-eabi/4.8.4/armv7e-m/fpu/libgcc.a(_arm_muldivdf3.o)
                0x000009a8                __aeabi_dmul
                0x000009a8                __muldf3
                0x00000bfc                __aeabi_ddiv
                0x00000bfc                __divdf3
 .text          0x00000dcc      0x110 /opt/Freescale/KDS_v3/toolchain/bin/../lib/gcc/arm-none-eabi/4.8.4/armv7e-m/fpu/libgcc.a(_arm_cmpdf2.o)
                0x00000dcc                __gtdf2
                0x00000dcc                __gedf2
                0x00000dd4                __ltdf2
                0x00000dd4                __ledf2
                0x00000ddc                __cmpdf2
                0x00000ddc                __eqdf2
                0x00000ddc                __nedf2
                0x00000e58                __aeabi_cdrcmple
                0x00000e68                __aeabi_cdcmple
                0x00000e68                __aeabi_cdcmpeq
                0x00000e78                __aeabi_dcmpeq
                0x00000e8c                __aeabi_dcmplt
                0x00000ea0                __aeabi_dcmple
                0x00000eb4                __aeabi_dcmpge
                0x00000ec8                __aeabi_dcmpgt
 .text          0x00000edc       0x50 /opt/Freescale/KDS_v3/toolchain/bin/../lib/gcc/arm-none-eabi/4.8.4/armv7e-m/fpu/libgcc.a(_arm_fixdfsi.o)
                0x00000edc                __fixdfsi
                0x00000edc                __aeabi_d2iz
 .text          0x00000f2c       0xa0 /opt/Freescale/KDS_v3/toolchain/bin/../lib/gcc/arm-none-eabi/4.8.4/armv7e-m/fpu/libgcc.a(_arm_truncdfsf2.o)
                0x00000f2c                __aeabi_d2f
                0x00000f2c                __truncdfsf2
 .text          0x00000fcc       0x38 /opt/Freescale/KDS_v3/toolchain/bin/../lib/gcc/arm-none-eabi/4.8.4/armv7e-m/fpu/libgcc.a(_aeabi_ldivmod.o)
                0x00000fcc                __aeabi_ldivmod
 .text          0x00001004       0x2c /opt/Freescale/KDS_v3/toolchain/bin/../lib/gcc/arm-none-eabi/4.8.4/armv7e-m/fpu/libgcc.a(_aeabi_uldivmod.o)
                0x00001004                __aeabi_uldivmod
 .text          0x00001030       0x30 /opt/Freescale/KDS_v3/toolchain/bin/../lib/gcc/arm-none-eabi/4.8.4/armv7e-m/fpu/libgcc.a(_fixdfdi.o)
                0x00001030                __aeabi_d2lz
                0x00001030                __fixdfdi
 .text          0x00001060       0x44 /opt/Freescale/KDS_v3/toolchain/bin/../lib/gcc/arm-none-eabi/4.8.4/armv7e-m/fpu/libgcc.a(_fixunsdfdi.o)
                0x00001060                __aeabi_d2ulz
                0x00001060                __fixunsdfdi
 .text          0x000010a4       0x60 /opt/Freescale/KDS_v3/toolchain/bin/../lib/gcc/arm-none-eabi/4.8.4/armv7e-m/fpu/libgcc.a(bpabi.o)
                0x000010a4                __gnu_ldivmod_helper
                0x000010d4                __gnu_uldivmod_helper
 .text          0x00001104        0x4 /opt/Freescale/KDS_v3/toolchain/bin/../lib/gcc/arm-none-eabi/4.8.4/armv7e-m/fpu/libgcc.a(_dvmd_tls.o)
                0x00001104                __aeabi_ldiv0
                0x00001104                __aeabi_idiv0
 .text          0x00001108       0x40 /opt/Freescale/KDS_v3/toolchain/bin/../lib/gcc/arm-none-eabi/4.8.4/armv7e-m/fpu/libgcc.a(_arm_fixunsdfsi.o)
                0x00001108                __fixunsdfsi
                0x00001108                __aeabi_d2uiz
 .text          0x00001148      0x298 /opt/Freescale/KDS_v3/toolchain/bin/../lib/gcc/arm-none-eabi/4.8.4/armv7e-m/fpu/libgcc.a(_divdi3.o)
                0x00001148                __divdi3
 .text          0x000013e0      0x284 /opt/Freescale/KDS_v3/toolchain/bin/../lib/gcc/arm-none-eabi/4.8.4/armv7e-m/fpu/libgcc.a(_udivdi3.o)
                0x000013e0                __udivdi3
 *(.text*)
 .text.UART_EnableTx
                0x00001664       0x40 ./utilities/fsl_debug_console.o
 .text.UART_EnableRx
                0x000016a4       0x40 ./utilities/fsl_debug_console.o
 .text.LPUART_EnableTx
                0x000016e4       0x38 ./utilities/fsl_debug_console.o
 .text.LPUART_EnableRx
                0x0000171c       0x38 ./utilities/fsl_debug_console.o
 .text.DbgConsole_Init
                0x00001754       0xe8 ./utilities/fsl_debug_console.o
                0x00001754                DbgConsole_Init
 .text.DbgConsole_Printf
                0x0000183c       0x40 ./utilities/fsl_debug_console.o
                0x0000183c                DbgConsole_Printf
 .text.DbgConsole_Putchar
                0x0000187c       0x38 ./utilities/fsl_debug_console.o
                0x0000187c                DbgConsole_Putchar
 .text.DbgConsole_PrintfPaddingCharacter
                0x000018b4       0x40 ./utilities/fsl_debug_console.o
 .text.DbgConsole_ConvertRadixNumToString
                0x000018f4      0x1d8 ./utilities/fsl_debug_console.o
 *fill*         0x00001acc        0x4 
 .text.DbgConsole_ConvertFloatRadixNumToString
                0x00001ad0      0x2b8 ./utilities/fsl_debug_console.o
 .text.DbgConsole_PrintfFormattedData
                0x00001d88      0x8a0 ./utilities/fsl_debug_console.o
 .text._sbrk    0x00002628       0x5c ./utilities/fsl_sbrk.o
                0x00002628                _sbrk
 .text.SystemInit
                0x00002684       0x3c ./startup/system_MK22F51212.o
                0x00002684                SystemInit
 .text.convertFloatToIntArray
                0x000026c0       0xdc ./source/util/util.o
                0x000026c0                convertFloatToIntArray
 .text.GPIO_TogglePinsOutput
                0x0000279c       0x1c ./source/tasks/tasks.o
 .text.heartbeat_Task
                0x000027b8       0x20 ./source/tasks/tasks.o
                0x000027b8                heartbeat_Task
 .text.updateDisplayCallback
                0x000027d8       0xac ./source/tasks/tasks.o
                0x000027d8                updateDisplayCallback
 .text.NVIC_EnableIRQ
                0x00002884       0x30 ./source/hardware/gateTimer.o
 .text.EnableIRQ
                0x000028b4       0x1c ./source/hardware/gateTimer.o
 .text.PIT_GetDefaultConfig
                0x000028d0       0x34 ./source/hardware/gateTimer.o
 .text.PIT_EnableInterrupts
                0x00002904       0x38 ./source/hardware/gateTimer.o
 .text.PIT_ClearStatusFlags
                0x0000293c       0x28 ./source/hardware/gateTimer.o
 .text.PIT_SetTimerPeriod
                0x00002964       0x28 ./source/hardware/gateTimer.o
 .text.PIT_StartTimer
                0x0000298c       0x38 ./source/hardware/gateTimer.o
 .text.enableGateTimer
                0x000029c4       0x8c ./source/hardware/gateTimer.o
                0x000029c4                enableGateTimer
 .text.PIT0_IRQHandler
                0x00002a50      0x100 ./source/hardware/gateTimer.o
                0x00002a50                PIT0_IRQHandler
 .text.writeDigit
                0x00002b50       0x14 ./source/hardware/hardware.o
                0x00002b50                writeDigit
 .text.selectDigit
                0x00002b64       0x14 ./source/hardware/hardware.o
                0x00002b64                selectDigit
 .text.blankDigits
                0x00002b78        0xc ./source/hardware/hardware.o
                0x00002b78                blankDigits
 .text.main     0x00002b84       0xa4 ./source/main.o
                0x00002b84                main
 .text.pvPortMalloc
                0x00002c28      0x184 ./freertos/Source/portable/MemMang/heap_4.o
                0x00002c28                pvPortMalloc
 .text.vPortFree
                0x00002dac       0xb0 ./freertos/Source/portable/MemMang/heap_4.o
                0x00002dac                vPortFree
 .text.prvHeapInit
                0x00002e5c       0xc4 ./freertos/Source/portable/MemMang/heap_4.o
 .text.prvInsertBlockIntoFreeList
                0x00002f20       0xb0 ./freertos/Source/portable/MemMang/heap_4.o
 .text.pxPortInitialiseStack
                0x00002fd0       0x64 ./freertos/Source/portable/GCC/ARM_CM4F/port.o
                0x00002fd0                pxPortInitialiseStack
 .text.prvTaskExitError
                0x00003034       0x3c ./freertos/Source/portable/GCC/ARM_CM4F/port.o
 .text.SVC_Handler
                0x00003070       0x20 ./freertos/Source/portable/GCC/ARM_CM4F/port.o
                0x00003070                SVC_Handler
 .text.prvPortStartFirstTask
                0x00003090       0x20 ./freertos/Source/portable/GCC/ARM_CM4F/port.o
 .text.xPortStartScheduler
                0x000030b0      0x118 ./freertos/Source/portable/GCC/ARM_CM4F/port.o
                0x000030b0                xPortStartScheduler
 .text.vPortEnterCritical
                0x000031c8       0x5c ./freertos/Source/portable/GCC/ARM_CM4F/port.o
                0x000031c8                vPortEnterCritical
 .text.vPortExitCritical
                0x00003224       0x4c ./freertos/Source/portable/GCC/ARM_CM4F/port.o
                0x00003224                vPortExitCritical
 .text.PendSV_Handler
                0x00003270       0x60 ./freertos/Source/portable/GCC/ARM_CM4F/port.o
                0x00003270                PendSV_Handler
 .text.SysTick_Handler
                0x000032d0       0x44 ./freertos/Source/portable/GCC/ARM_CM4F/port.o
                0x000032d0                SysTick_Handler
 .text.vPortSetupTimerInterrupt
                0x00003314       0x34 ./freertos/Source/portable/GCC/ARM_CM4F/port.o
                0x00003314                vPortSetupTimerInterrupt
 .text.vPortEnableVFP
                0x00003348       0x14 ./freertos/Source/portable/GCC/ARM_CM4F/port.o
 .text.vPortValidateInterruptPriority
                0x0000335c       0x78 ./freertos/Source/portable/GCC/ARM_CM4F/port.o
                0x0000335c                vPortValidateInterruptPriority
 .text.vListInitialise
                0x000033d4       0x40 ./freertos/Source/list.o
                0x000033d4                vListInitialise
 .text.vListInitialiseItem
                0x00003414       0x18 ./freertos/Source/list.o
                0x00003414                vListInitialiseItem
 .text.vListInsertEnd
                0x0000342c       0x48 ./freertos/Source/list.o
                0x0000342c                vListInsertEnd
 .text.vListInsert
                0x00003474       0x70 ./freertos/Source/list.o
                0x00003474                vListInsert
 .text.uxListRemove
                0x000034e4       0x54 ./freertos/Source/list.o
                0x000034e4                uxListRemove
 .text.xQueueGenericReset
                0x00003538       0xd0 ./freertos/Source/queue.o
                0x00003538                xQueueGenericReset
 .text.xQueueGenericCreate
                0x00003608       0xb4 ./freertos/Source/queue.o
                0x00003608                xQueueGenericCreate
 .text.xQueueGenericSend
                0x000036bc      0x1ec ./freertos/Source/queue.o
                0x000036bc                xQueueGenericSend
 .text.xQueueGenericSendFromISR
                0x000038a8      0x118 ./freertos/Source/queue.o
                0x000038a8                xQueueGenericSendFromISR
 .text.xQueueGenericReceive
                0x000039c0      0x20c ./freertos/Source/queue.o
                0x000039c0                xQueueGenericReceive
 .text.uxQueueMessagesWaiting
                0x00003bcc       0x3c ./freertos/Source/queue.o
                0x00003bcc                uxQueueMessagesWaiting
 .text.prvCopyDataToQueue
                0x00003c08       0xdc ./freertos/Source/queue.o
 .text.prvCopyDataFromQueue
                0x00003ce4       0x4c ./freertos/Source/queue.o
 .text.prvUnlockQueue
                0x00003d30       0x98 ./freertos/Source/queue.o
 .text.prvIsQueueEmpty
                0x00003dc8       0x2c ./freertos/Source/queue.o
 .text.prvIsQueueFull
                0x00003df4       0x30 ./freertos/Source/queue.o
 .text.vQueueAddToRegistry
                0x00003e24       0x50 ./freertos/Source/queue.o
                0x00003e24                vQueueAddToRegistry
 .text.vQueueWaitForMessageRestricted
                0x00003e74       0x5c ./freertos/Source/queue.o
                0x00003e74                vQueueWaitForMessageRestricted
 .text.xTaskGenericCreate
                0x00003ed0      0x1a0 ./freertos/Source/tasks.o
                0x00003ed0                xTaskGenericCreate
 .text.vTaskDelay
                0x00004070       0xa4 ./freertos/Source/tasks.o
                0x00004070                vTaskDelay
 .text.vTaskStartScheduler
                0x00004114       0x98 ./freertos/Source/tasks.o
                0x00004114                vTaskStartScheduler
 .text.vTaskSuspendAll
                0x000041ac       0x1c ./freertos/Source/tasks.o
                0x000041ac                vTaskSuspendAll
 .text.xTaskResumeAll
                0x000041c8      0x128 ./freertos/Source/tasks.o
                0x000041c8                xTaskResumeAll
 .text.xTaskGetTickCount
                0x000042f0       0x20 ./freertos/Source/tasks.o
                0x000042f0                xTaskGetTickCount
 .text.xTaskIncrementTick
                0x00004310      0x15c ./freertos/Source/tasks.o
                0x00004310                xTaskIncrementTick
 .text.vTaskSwitchContext
                0x0000446c       0xb4 ./freertos/Source/tasks.o
                0x0000446c                vTaskSwitchContext
 .text.vTaskPlaceOnEventList
                0x00004520       0x9c ./freertos/Source/tasks.o
                0x00004520                vTaskPlaceOnEventList
 .text.vTaskPlaceOnEventListRestricted
                0x000045bc       0x9c ./freertos/Source/tasks.o
                0x000045bc                vTaskPlaceOnEventListRestricted
 .text.xTaskRemoveFromEventList
                0x00004658       0xc4 ./freertos/Source/tasks.o
                0x00004658                xTaskRemoveFromEventList
 .text.vTaskSetTimeOutState
                0x0000471c       0x44 ./freertos/Source/tasks.o
                0x0000471c                vTaskSetTimeOutState
 .text.xTaskCheckForTimeOut
                0x00004760       0xbc ./freertos/Source/tasks.o
                0x00004760                xTaskCheckForTimeOut
 .text.vTaskMissedYield
                0x0000481c       0x18 ./freertos/Source/tasks.o
                0x0000481c                vTaskMissedYield
 .text.prvIdleTask
                0x00004834       0x30 ./freertos/Source/tasks.o
 .text.prvInitialiseTCBVariables
                0x00004864       0xa4 ./freertos/Source/tasks.o
 .text.prvInitialiseTaskLists
                0x00004908       0x7c ./freertos/Source/tasks.o
 .text.prvCheckTasksWaitingTermination
                0x00004984       0x74 ./freertos/Source/tasks.o
 .text.prvAddCurrentTaskToDelayedList
                0x000049f8       0x6c ./freertos/Source/tasks.o
 .text.prvAllocateTCBAndStack
                0x00004a64       0x70 ./freertos/Source/tasks.o
 .text.prvDeleteTCB
                0x00004ad4       0x20 ./freertos/Source/tasks.o
 .text.prvResetNextTaskUnblockTime
                0x00004af4       0x48 ./freertos/Source/tasks.o
 .text.xTaskGetSchedulerState
                0x00004b3c       0x3c ./freertos/Source/tasks.o
                0x00004b3c                xTaskGetSchedulerState
 .text.vTaskPriorityInherit
                0x00004b78       0xec ./freertos/Source/tasks.o
                0x00004b78                vTaskPriorityInherit
 .text.xTaskPriorityDisinherit
                0x00004c64      0x108 ./freertos/Source/tasks.o
                0x00004c64                xTaskPriorityDisinherit
 .text.pvTaskIncrementMutexHeldCount
                0x00004d6c       0x28 ./freertos/Source/tasks.o
                0x00004d6c                pvTaskIncrementMutexHeldCount
 .text.xTimerCreateTimerTask
                0x00004d94       0x64 ./freertos/Source/timers.o
                0x00004d94                xTimerCreateTimerTask
 .text.xTimerCreate
                0x00004df8       0x78 ./freertos/Source/timers.o
                0x00004df8                xTimerCreate
 .text.xTimerGenericCommand
                0x00004e70       0xa4 ./freertos/Source/timers.o
                0x00004e70                xTimerGenericCommand
 .text.prvProcessExpiredTimer
                0x00004f14       0x80 ./freertos/Source/timers.o
 .text.prvTimerTask
                0x00004f94       0x24 ./freertos/Source/timers.o
 .text.prvProcessTimerOrBlockTask
                0x00004fb8       0x9c ./freertos/Source/timers.o
 .text.prvGetNextExpireTime
                0x00005054       0x48 ./freertos/Source/timers.o
 .text.prvSampleTimeNow
                0x0000509c       0x40 ./freertos/Source/timers.o
 .text.prvInsertTimerInActiveList
                0x000050dc       0x84 ./freertos/Source/timers.o
 .text.prvProcessReceivedCommands
                0x00005160      0x12c ./freertos/Source/timers.o
 .text.prvSwitchTimerLists
                0x0000528c       0xc0 ./freertos/Source/timers.o
 .text.prvCheckForValidListAndQueue
                0x0000534c       0x8c ./freertos/Source/timers.o
 .text.CLOCK_SetEr32kClock
                0x000053d8       0x2c ./drivers/fsl_clock.o
 .text.CLOCK_SetPllFllSelClock
                0x00005404       0x38 ./drivers/fsl_clock.o
 .text.OSC_SetExtRefClkConfig
                0x0000543c       0x40 ./drivers/fsl_clock.o
 .text.OSC_SetCapLoad
                0x0000547c       0x34 ./drivers/fsl_clock.o
 .text.CLOCK_GetMcgExtClkFreq
                0x000054b0       0x8c ./drivers/fsl_clock.o
 .text.CLOCK_GetFllExtRefClkFreq
                0x0000553c       0xc8 ./drivers/fsl_clock.o
 .text.CLOCK_GetInternalRefClkSelectFreq
                0x00005604       0x44 ./drivers/fsl_clock.o
 .text.CLOCK_GetFllRefClkFreq
                0x00005648       0x2c ./drivers/fsl_clock.o
 .text.CLOCK_GetPll0RefFreq
                0x00005674       0x10 ./drivers/fsl_clock.o
 .text.CLOCK_GetOscRangeFromFreq
                0x00005684       0x3c ./drivers/fsl_clock.o
 .text.CLOCK_GetOsc0ErClkUndivFreq
                0x000056c0       0x48 ./drivers/fsl_clock.o
                0x000056c0                CLOCK_GetOsc0ErClkUndivFreq
 .text.CLOCK_GetOsc0ErClkDivFreq
                0x00005708       0x58 ./drivers/fsl_clock.o
                0x00005708                CLOCK_GetOsc0ErClkDivFreq
 .text.CLOCK_GetEr32kClkFreq
                0x00005760       0x80 ./drivers/fsl_clock.o
                0x00005760                CLOCK_GetEr32kClkFreq
 .text.CLOCK_GetPllFllSelClkFreq
                0x000057e0       0x54 ./drivers/fsl_clock.o
                0x000057e0                CLOCK_GetPllFllSelClkFreq
 .text.CLOCK_GetCoreSysClkFreq
                0x00005834       0x24 ./drivers/fsl_clock.o
                0x00005834                CLOCK_GetCoreSysClkFreq
 .text.CLOCK_GetFreq
                0x00005858      0x14c ./drivers/fsl_clock.o
                0x00005858                CLOCK_GetFreq
 .text.CLOCK_SetSimConfig
                0x000059a4       0x34 ./drivers/fsl_clock.o
                0x000059a4                CLOCK_SetSimConfig
 .text.CLOCK_GetOutClkFreq
                0x000059d8       0x64 ./drivers/fsl_clock.o
                0x000059d8                CLOCK_GetOutClkFreq
 .text.CLOCK_GetFllFreq
                0x00005a3c       0x74 ./drivers/fsl_clock.o
                0x00005a3c                CLOCK_GetFllFreq
 .text.CLOCK_GetInternalRefClkFreq
                0x00005ab0       0x24 ./drivers/fsl_clock.o
                0x00005ab0                CLOCK_GetInternalRefClkFreq
 .text.CLOCK_GetFixedFreqClkFreq
                0x00005ad4       0x30 ./drivers/fsl_clock.o
                0x00005ad4                CLOCK_GetFixedFreqClkFreq
 .text.CLOCK_GetPll0Freq
                0x00005b04       0x58 ./drivers/fsl_clock.o
                0x00005b04                CLOCK_GetPll0Freq
 .text.CLOCK_SetExternalRefClkConfig
                0x00005b5c       0x90 ./drivers/fsl_clock.o
                0x00005b5c                CLOCK_SetExternalRefClkConfig
 .text.CLOCK_SetInternalRefClkConfig
                0x00005bec      0x104 ./drivers/fsl_clock.o
                0x00005bec                CLOCK_SetInternalRefClkConfig
 .text.CLOCK_EnablePll0
                0x00005cf0       0x94 ./drivers/fsl_clock.o
                0x00005cf0                CLOCK_EnablePll0
 .text.CLOCK_InitOsc0
                0x00005d84       0x8c ./drivers/fsl_clock.o
                0x00005d84                CLOCK_InitOsc0
 .text.CLOCK_SetPbeMode
                0x00005e10       0x98 ./drivers/fsl_clock.o
                0x00005e10                CLOCK_SetPbeMode
 .text.CLOCK_BootToPeeMode
                0x00005ea8       0x74 ./drivers/fsl_clock.o
                0x00005ea8                CLOCK_BootToPeeMode
 .text.__assert_func
                0x00005f1c       0x28 ./drivers/fsl_common.o
                0x00005f1c                __assert_func
 .text.DSPI_IsMaster
                0x00005f44       0x1c ./drivers/fsl_dspi.o
 .text.DSPI_CommonIRQHandler
                0x00005f60       0x3c ./drivers/fsl_dspi.o
 .text.SPI0_DriverIRQHandler
                0x00005f9c       0x3c ./drivers/fsl_dspi.o
                0x00005f9c                SPI0_DriverIRQHandler
 .text.SPI1_DriverIRQHandler
                0x00005fd8       0x3c ./drivers/fsl_dspi.o
                0x00005fd8                SPI1_DriverIRQHandler
 .text.EDMA_HandleIRQ
                0x00006014      0x154 ./drivers/fsl_edma.o
                0x00006014                EDMA_HandleIRQ
 .text.DMA0_DriverIRQHandler
                0x00006168       0x14 ./drivers/fsl_edma.o
                0x00006168                DMA0_DriverIRQHandler
 .text.DMA1_DriverIRQHandler
                0x0000617c       0x14 ./drivers/fsl_edma.o
                0x0000617c                DMA1_DriverIRQHandler
 .text.DMA2_DriverIRQHandler
                0x00006190       0x14 ./drivers/fsl_edma.o
                0x00006190                DMA2_DriverIRQHandler
 .text.DMA3_DriverIRQHandler
                0x000061a4       0x14 ./drivers/fsl_edma.o
                0x000061a4                DMA3_DriverIRQHandler
 .text.DMA4_DriverIRQHandler
                0x000061b8       0x14 ./drivers/fsl_edma.o
                0x000061b8                DMA4_DriverIRQHandler
 .text.DMA5_DriverIRQHandler
                0x000061cc       0x14 ./drivers/fsl_edma.o
                0x000061cc                DMA5_DriverIRQHandler
 .text.DMA6_DriverIRQHandler
                0x000061e0       0x14 ./drivers/fsl_edma.o
                0x000061e0                DMA6_DriverIRQHandler
 .text.DMA7_DriverIRQHandler
                0x000061f4       0x14 ./drivers/fsl_edma.o
                0x000061f4                DMA7_DriverIRQHandler
 .text.DMA8_DriverIRQHandler
                0x00006208       0x14 ./drivers/fsl_edma.o
                0x00006208                DMA8_DriverIRQHandler
 .text.DMA9_DriverIRQHandler
                0x0000621c       0x14 ./drivers/fsl_edma.o
                0x0000621c                DMA9_DriverIRQHandler
 .text.DMA10_DriverIRQHandler
                0x00006230       0x14 ./drivers/fsl_edma.o
                0x00006230                DMA10_DriverIRQHandler
 .text.DMA11_DriverIRQHandler
                0x00006244       0x14 ./drivers/fsl_edma.o
                0x00006244                DMA11_DriverIRQHandler
 .text.DMA12_DriverIRQHandler
                0x00006258       0x14 ./drivers/fsl_edma.o
                0x00006258                DMA12_DriverIRQHandler
 .text.DMA13_DriverIRQHandler
                0x0000626c       0x14 ./drivers/fsl_edma.o
                0x0000626c                DMA13_DriverIRQHandler
 .text.DMA14_DriverIRQHandler
                0x00006280       0x14 ./drivers/fsl_edma.o
                0x00006280                DMA14_DriverIRQHandler
 .text.DMA15_DriverIRQHandler
                0x00006294       0x14 ./drivers/fsl_edma.o
                0x00006294                DMA15_DriverIRQHandler
 .text.GPIO_WritePinOutput
                0x000062a8       0x3c ./drivers/fsl_gpio.o
 .text.GPIO_PinInit
                0x000062e4       0x70 ./drivers/fsl_gpio.o
                0x000062e4                GPIO_PinInit
 .text.I2C_TransferCommonIRQHandler
                0x00006354       0x4c ./drivers/fsl_i2c.o
 .text.I2C0_DriverIRQHandler
                0x000063a0       0x1c ./drivers/fsl_i2c.o
                0x000063a0                I2C0_DriverIRQHandler
 .text.I2C1_DriverIRQHandler
                0x000063bc       0x1c ./drivers/fsl_i2c.o
                0x000063bc                I2C1_DriverIRQHandler
 .text.CLOCK_EnableClock
                0x000063d8       0x34 ./drivers/fsl_lpuart.o
 .text.LPUART_GetInstance
                0x0000640c       0x50 ./drivers/fsl_lpuart.o
                0x0000640c                LPUART_GetInstance
 .text.LPUART_Init
                0x0000645c      0x1f4 ./drivers/fsl_lpuart.o
                0x0000645c                LPUART_Init
 .text.LPUART_GetDefaultConfig
                0x00006650       0x50 ./drivers/fsl_lpuart.o
                0x00006650                LPUART_GetDefaultConfig
 .text.LPUART_GetStatusFlags
                0x000066a0       0x1c ./drivers/fsl_lpuart.o
                0x000066a0                LPUART_GetStatusFlags
 .text.LPUART_ClearStatusFlags
                0x000066bc       0x74 ./drivers/fsl_lpuart.o
                0x000066bc                LPUART_ClearStatusFlags
 .text.LPUART_WriteBlocking
                0x00006730       0x40 ./drivers/fsl_lpuart.o
                0x00006730                LPUART_WriteBlocking
 .text.LPUART_ReadBlocking
                0x00006770       0xb0 ./drivers/fsl_lpuart.o
                0x00006770                LPUART_ReadBlocking
 .text.LPUART0_DriverIRQHandler
                0x00006820       0x20 ./drivers/fsl_lpuart.o
                0x00006820                LPUART0_DriverIRQHandler
 .text.CLOCK_EnableClock
                0x00006840       0x34 ./drivers/fsl_pit.o
 .text.PIT_GetInstance
                0x00006874       0x50 ./drivers/fsl_pit.o
 .text.PIT_Init
                0x000068c4       0x70 ./drivers/fsl_pit.o
                0x000068c4                PIT_Init
 .text.SAI_TxClearStatusFlags
                0x00006934       0x24 ./drivers/fsl_sai.o
 .text.SAI_RxClearStatusFlags
                0x00006958       0x28 ./drivers/fsl_sai.o
 .text.SAI_TxDisableInterrupts
                0x00006980       0x28 ./drivers/fsl_sai.o
 .text.SAI_RxDisableInterrupts
                0x000069a8       0x2c ./drivers/fsl_sai.o
 .text.SAI_WriteNonBlocking
                0x000069d4       0x94 ./drivers/fsl_sai.o
 .text.SAI_ReadNonBlocking
                0x00006a68       0x7c ./drivers/fsl_sai.o
 .text.SAI_TxEnable
                0x00006ae4       0x64 ./drivers/fsl_sai.o
                0x00006ae4                SAI_TxEnable
 .text.SAI_RxEnable
                0x00006b48       0x6c ./drivers/fsl_sai.o
                0x00006b48                SAI_RxEnable
 .text.SAI_TransferAbortSend
                0x00006bb4       0x68 ./drivers/fsl_sai.o
                0x00006bb4                SAI_TransferAbortSend
 .text.SAI_TransferAbortReceive
                0x00006c1c       0x68 ./drivers/fsl_sai.o
                0x00006c1c                SAI_TransferAbortReceive
 .text.SAI_TransferTxHandleIRQ
                0x00006c84      0x1c4 ./drivers/fsl_sai.o
                0x00006c84                SAI_TransferTxHandleIRQ
 .text.SAI_TransferRxHandleIRQ
                0x00006e48      0x1c0 ./drivers/fsl_sai.o
                0x00006e48                SAI_TransferRxHandleIRQ
 .text.I2S0_Tx_DriverIRQHandler
                0x00007008       0x3c ./drivers/fsl_sai.o
                0x00007008                I2S0_Tx_DriverIRQHandler
 .text.I2S0_Rx_DriverIRQHandler
                0x00007044       0x3c ./drivers/fsl_sai.o
                0x00007044                I2S0_Rx_DriverIRQHandler
 .text.CLOCK_EnableClock
                0x00007080       0x34 ./drivers/fsl_uart.o
 .text.UART_GetInstance
                0x000070b4       0x60 ./drivers/fsl_uart.o
                0x000070b4                UART_GetInstance
 .text.UART_Init
                0x00007114      0x1dc ./drivers/fsl_uart.o
                0x00007114                UART_Init
 .text.UART_GetDefaultConfig
                0x000072f0       0x54 ./drivers/fsl_uart.o
                0x000072f0                UART_GetDefaultConfig
 .text.UART_GetStatusFlags
                0x00007344       0x48 ./drivers/fsl_uart.o
                0x00007344                UART_GetStatusFlags
 .text.UART_WriteBlocking
                0x0000738c       0x40 ./drivers/fsl_uart.o
                0x0000738c                UART_WriteBlocking
 .text.UART_ReadBlocking
                0x000073cc       0x84 ./drivers/fsl_uart.o
                0x000073cc                UART_ReadBlocking
 .text.UART0_DriverIRQHandler
                0x00007450       0x20 ./drivers/fsl_uart.o
                0x00007450                UART0_DriverIRQHandler
 .text.UART0_RX_TX_DriverIRQHandler
                0x00007470        0xc ./drivers/fsl_uart.o
                0x00007470                UART0_RX_TX_DriverIRQHandler
 .text.UART1_DriverIRQHandler
                0x0000747c       0x20 ./drivers/fsl_uart.o
                0x0000747c                UART1_DriverIRQHandler
 .text.UART1_RX_TX_DriverIRQHandler
                0x0000749c        0xc ./drivers/fsl_uart.o
                0x0000749c                UART1_RX_TX_DriverIRQHandler
 .text.UART2_DriverIRQHandler
                0x000074a8       0x20 ./drivers/fsl_uart.o
                0x000074a8                UART2_DriverIRQHandler
 .text.UART2_RX_TX_DriverIRQHandler
                0x000074c8        0xc ./drivers/fsl_uart.o
                0x000074c8                UART2_RX_TX_DriverIRQHandler
 .text.BOARD_InitDebugConsole
                0x000074d4       0x24 ./board/board.o
                0x000074d4                BOARD_InitDebugConsole
 .text.CLOCK_SetXtal0Freq
                0x000074f8       0x1c ./board/clock_config.o
 .text.CLOCK_SetSimSafeDivs
                0x00007514       0x20 ./board/clock_config.o
 .text.BOARD_BootClockRUN
                0x00007534       0x58 ./board/clock_config.o
                0x00007534                BOARD_BootClockRUN
 .text.CLOCK_EnableClock
                0x0000758c       0x34 ./board/pin_mux.o
 .text.PORT_SetPinConfig
                0x000075c0       0x44 ./board/pin_mux.o
 .text.PORT_SetPinMux
                0x00007604       0x38 ./board/pin_mux.o
 .text.BOARD_InitPins
                0x0000763c       0xcc ./board/pin_mux.o
                0x0000763c                BOARD_InitPins
 .text.modf     0x00007708       0xa4 /opt/Freescale/KDS_v3/toolchain/bin/../lib/gcc/arm-none-eabi/4.8.4/../../../../arm-none-eabi/lib/armv7e-m/fpu/libm.a(lib_a-s_modf.o)
                0x00007708                modf
 .text.pow      0x000077ac      0x340 /opt/Freescale/KDS_v3/toolchain/bin/../lib/gcc/arm-none-eabi/4.8.4/../../../../arm-none-eabi/lib/armv7e-m/fpu/libm.a(lib_a-w_pow.o)
                0x000077ac                pow
 *fill*         0x00007aec        0x4 
 .text.__ieee754_pow
                0x00007af0      0xae8 /opt/Freescale/KDS_v3/toolchain/bin/../lib/gcc/arm-none-eabi/4.8.4/../../../../arm-none-eabi/lib/armv7e-m/fpu/libm.a(lib_a-e_pow.o)
                0x00007af0                __ieee754_pow
 .text.__ieee754_sqrt
                0x000085d8      0x198 /opt/Freescale/KDS_v3/toolchain/bin/../lib/gcc/arm-none-eabi/4.8.4/../../../../arm-none-eabi/lib/armv7e-m/fpu/libm.a(lib_a-e_sqrt.o)
                0x000085d8                __ieee754_sqrt
 .text.fabs     0x00008770       0x14 /opt/Freescale/KDS_v3/toolchain/bin/../lib/gcc/arm-none-eabi/4.8.4/../../../../arm-none-eabi/lib/armv7e-m/fpu/libm.a(lib_a-s_fabs.o)
                0x00008770                fabs
 .text.finite   0x00008784       0x10 /opt/Freescale/KDS_v3/toolchain/bin/../lib/gcc/arm-none-eabi/4.8.4/../../../../arm-none-eabi/lib/armv7e-m/fpu/libm.a(lib_a-s_finite.o)
                0x00008784                finite
 .text.__fpclassifyd
                0x00008794       0x54 /opt/Freescale/KDS_v3/toolchain/bin/../lib/gcc/arm-none-eabi/4.8.4/../../../../arm-none-eabi/lib/armv7e-m/fpu/libm.a(lib_a-s_fpclassify.o)
                0x00008794                __fpclassifyd
 .text.matherr  0x000087e8        0x4 /opt/Freescale/KDS_v3/toolchain/bin/../lib/gcc/arm-none-eabi/4.8.4/../../../../arm-none-eabi/lib/armv7e-m/fpu/libm.a(lib_a-s_matherr.o)
                0x000087e8                matherr
 *fill*         0x000087ec        0x4 
 .text.nan      0x000087f0       0x10 /opt/Freescale/KDS_v3/toolchain/bin/../lib/gcc/arm-none-eabi/4.8.4/../../../../arm-none-eabi/lib/armv7e-m/fpu/libm.a(lib_a-s_nan.o)
                0x000087f0                nan
 .text.rint     0x00008800      0x120 /opt/Freescale/KDS_v3/toolchain/bin/../lib/gcc/arm-none-eabi/4.8.4/../../../../arm-none-eabi/lib/armv7e-m/fpu/libm.a(lib_a-s_rint.o)
                0x00008800                rint
 .text.scalbn   0x00008920      0x120 /opt/Freescale/KDS_v3/toolchain/bin/../lib/gcc/arm-none-eabi/4.8.4/../../../../arm-none-eabi/lib/armv7e-m/fpu/libm.a(lib_a-s_scalbn.o)
                0x00008920                scalbn
 .text.copysign
                0x00008a40       0x24 /opt/Freescale/KDS_v3/toolchain/bin/../lib/gcc/arm-none-eabi/4.8.4/../../../../arm-none-eabi/lib/armv7e-m/fpu/libm.a(lib_a-s_copysign.o)
                0x00008a40                copysign
 .text.__errno  0x00008a64        0xc /opt/Freescale/KDS_v3/toolchain/bin/../lib/gcc/arm-none-eabi/4.8.4/../../../../arm-none-eabi/lib/armv7e-m/fpu/libg_s.a(lib_a-errno.o)
                0x00008a64                __errno
 .text.exit     0x00008a70       0x28 /opt/Freescale/KDS_v3/toolchain/bin/../lib/gcc/arm-none-eabi/4.8.4/../../../../arm-none-eabi/lib/armv7e-m/fpu/libg_s.a(lib_a-exit.o)
                0x00008a70                exit
 .text.__libc_init_array
                0x00008a98       0x4c /opt/Freescale/KDS_v3/toolchain/bin/../lib/gcc/arm-none-eabi/4.8.4/../../../../arm-none-eabi/lib/armv7e-m/fpu/libg_s.a(lib_a-init.o)
                0x00008a98                __libc_init_array
 .text.memcpy   0x00008ae4       0x12 /opt/Freescale/KDS_v3/toolchain/bin/../lib/gcc/arm-none-eabi/4.8.4/../../../../arm-none-eabi/lib/armv7e-m/fpu/libg_s.a(lib_a-memcpy-stub.o)
                0x00008ae4                memcpy
 .text.memset   0x00008af6       0x10 /opt/Freescale/KDS_v3/toolchain/bin/../lib/gcc/arm-none-eabi/4.8.4/../../../../arm-none-eabi/lib/armv7e-m/fpu/libg_s.a(lib_a-memset.o)
                0x00008af6                memset
 *fill*         0x00008b06        0x2 
 .text.rand     0x00008b08       0x74 /opt/Freescale/KDS_v3/toolchain/bin/../lib/gcc/arm-none-eabi/4.8.4/../../../../arm-none-eabi/lib/armv7e-m/fpu/libg_s.a(lib_a-rand.o)
                0x00008b08                rand
 .text.strlen   0x00008b7c       0x10 /opt/Freescale/KDS_v3/toolchain/bin/../lib/gcc/arm-none-eabi/4.8.4/../../../../arm-none-eabi/lib/armv7e-m/fpu/libg_s.a(lib_a-strlen.o)
                0x00008b7c                strlen
 .text.malloc   0x00008b8c       0x10 /opt/Freescale/KDS_v3/toolchain/bin/../lib/gcc/arm-none-eabi/4.8.4/../../../../arm-none-eabi/lib/armv7e-m/fpu/libg_s.a(lib_a-malloc.o)
                0x00008b8c                malloc
 .text._malloc_r
                0x00008b9c       0xa8 /opt/Freescale/KDS_v3/toolchain/bin/../lib/gcc/arm-none-eabi/4.8.4/../../../../arm-none-eabi/lib/armv7e-m/fpu/libg_s.a(lib_a-nano-mallocr.o)
                0x00008b9c                _malloc_r
 .text._sbrk_r  0x00008c44       0x20 /opt/Freescale/KDS_v3/toolchain/bin/../lib/gcc/arm-none-eabi/4.8.4/../../../../arm-none-eabi/lib/armv7e-m/fpu/libg_s.a(lib_a-sbrkr.o)
                0x00008c44                _sbrk_r
 .text._exit    0x00008c64        0x4 /opt/Freescale/KDS_v3/toolchain/bin/../lib/gcc/arm-none-eabi/4.8.4/../../../../arm-none-eabi/lib/armv7e-m/fpu/libnosys.a(_exit.o)
                0x00008c64                _exit
 *(.rodata)
 .rodata        0x00008c68       0x20 ./source/hardware/gateTimer.o
 .rodata        0x00008c88       0x1c ./source/main.o
 .rodata        0x00008ca4        0x8 ./freertos/Source/tasks.o
 .rodata        0x00008cac       0x10 ./freertos/Source/timers.o
 .rodata        0x00008cbc       0x3c ./drivers/fsl_clock.o
 .rodata        0x00008cf8       0x40 ./drivers/fsl_common.o
 .rodata        0x00008d38       0x90 ./drivers/fsl_dspi.o
 .rodata        0x00008dc8      0x238 ./drivers/fsl_edma.o
 .rodata        0x00009000       0x48 ./drivers/fsl_gpio.o
 .rodata        0x00009048       0x50 ./drivers/fsl_lpuart.o
 .rodata        0x00009098       0x48 ./drivers/fsl_pit.o
 .rodata        0x000090e0       0x70 ./drivers/fsl_sai.o
 .rodata        0x00009150       0xc4 ./drivers/fsl_uart.o
 .rodata        0x00009214       0x24 ./board/pin_mux.o
 *(.rodata*)
 .rodata.__func__.6490
                0x00009238       0x18 ./source/hardware/gateTimer.o
 .rodata.__func__.6498
                0x00009250       0x18 ./drivers/fsl_clock.o
 .rodata.__func__.6543
                0x00009268       0x1c ./drivers/fsl_clock.o
 .rodata.__func__.6547
                0x00009284       0x1c ./drivers/fsl_clock.o
 .rodata.__func__.6555
                0x000092a0       0x18 ./drivers/fsl_clock.o
 .rodata.fllFactorTable.6634
                0x000092b8       0x10 ./drivers/fsl_clock.o
 .rodata.__func__.6696
                0x000092c8       0x14 ./drivers/fsl_clock.o
 .rodata.__func__.6892
                0x000092dc       0x14 ./drivers/fsl_clock.o
 .rodata.__func__.7150
                0x000092f0       0x18 ./drivers/fsl_dspi.o
 .rodata.__func__.7154
                0x00009308       0x18 ./drivers/fsl_dspi.o
 .rodata.__func__.6983
                0x00009320       0x10 ./drivers/fsl_edma.o
 .rodata.__func__.6522
                0x00009330       0x10 ./drivers/fsl_gpio.o
 .rodata.__func__.6684
                0x00009340       0x14 ./drivers/fsl_lpuart.o
 .rodata.__func__.6718
                0x00009354        0xc ./drivers/fsl_lpuart.o
 .rodata.__func__.6740
                0x00009360       0x18 ./drivers/fsl_lpuart.o
 .rodata.__func__.6547
                0x00009378       0x10 ./drivers/fsl_pit.o
 .rodata.__func__.6552
                0x00009388        0xc ./drivers/fsl_pit.o
 .rodata.__func__.6997
                0x00009394       0x18 ./drivers/fsl_sai.o
 .rodata.__func__.7002
                0x000093ac       0x1c ./drivers/fsl_sai.o
 .rodata.__func__.7007
                0x000093c8       0x18 ./drivers/fsl_sai.o
 .rodata.__func__.7015
                0x000093e0       0x18 ./drivers/fsl_sai.o
 .rodata.__func__.7022
                0x000093f8       0x1c ./drivers/fsl_sai.o
 .rodata.__func__.7026
                0x00009414       0x1c ./drivers/fsl_sai.o
 .rodata.s_uartBases
                0x00009430        0xc ./drivers/fsl_uart.o
 .rodata.s_uartClock
                0x0000943c        0xc ./drivers/fsl_uart.o
 .rodata.__func__.6692
                0x00009448       0x14 ./drivers/fsl_uart.o
 .rodata.__func__.6706
                0x0000945c        0xc ./drivers/fsl_uart.o
 .rodata.__func__.6722
                0x00009468       0x18 ./drivers/fsl_uart.o
 .rodata.g_defaultClockConfigRun
                0x00009480       0x20 ./board/clock_config.o
                0x00009480                g_defaultClockConfigRun
 .rodata.__func__.6533
                0x000094a0       0x14 ./board/pin_mux.o
 .rodata.str1.4
                0x000094b4        0x4 /opt/Freescale/KDS_v3/toolchain/bin/../lib/gcc/arm-none-eabi/4.8.4/../../../../arm-none-eabi/lib/armv7e-m/fpu/libm.a(lib_a-w_pow.o)
 .rodata.dp_h   0x000094b8       0x10 /opt/Freescale/KDS_v3/toolchain/bin/../lib/gcc/arm-none-eabi/4.8.4/../../../../arm-none-eabi/lib/armv7e-m/fpu/libm.a(lib_a-e_pow.o)
 .rodata.dp_l   0x000094c8       0x10 /opt/Freescale/KDS_v3/toolchain/bin/../lib/gcc/arm-none-eabi/4.8.4/../../../../arm-none-eabi/lib/armv7e-m/fpu/libm.a(lib_a-e_pow.o)
 .rodata.bp     0x000094d8       0x10 /opt/Freescale/KDS_v3/toolchain/bin/../lib/gcc/arm-none-eabi/4.8.4/../../../../arm-none-eabi/lib/armv7e-m/fpu/libm.a(lib_a-e_pow.o)
 .rodata.str1.4
                0x000094e8        0x4 /opt/Freescale/KDS_v3/toolchain/bin/../lib/gcc/arm-none-eabi/4.8.4/../../../../arm-none-eabi/lib/armv7e-m/fpu/libm.a(lib_a-e_pow.o)
 *fill*         0x000094ec        0x4 
 .rodata.TWO52  0x000094f0       0x10 /opt/Freescale/KDS_v3/toolchain/bin/../lib/gcc/arm-none-eabi/4.8.4/../../../../arm-none-eabi/lib/armv7e-m/fpu/libm.a(lib_a-s_rint.o)
 .rodata.str1.1
                0x00009500        0x2 /opt/Freescale/KDS_v3/toolchain/bin/../lib/gcc/arm-none-eabi/4.8.4/../../../../arm-none-eabi/lib/armv7e-m/fpu/libg_s.a(lib_a-impure.o)
 *fill*         0x00009502        0x2 
 .rodata._global_impure_ptr
                0x00009504        0x4 /opt/Freescale/KDS_v3/toolchain/bin/../lib/gcc/arm-none-eabi/4.8.4/../../../../arm-none-eabi/lib/armv7e-m/fpu/libg_s.a(lib_a-impure.o)
                0x00009504                _global_impure_ptr
 *(.glue_7)
 .glue_7        0x00000000        0x0 linker stubs
 *(.glue_7t)
 .glue_7t       0x00000000        0x0 linker stubs
 *(.eh_frame)
 .eh_frame      0x00009508        0x0 /opt/Freescale/KDS_v3/toolchain/bin/../lib/gcc/arm-none-eabi/4.8.4/armv7e-m/fpu/crtbegin.o
 *(.init)
 .init          0x00009508        0x4 /opt/Freescale/KDS_v3/toolchain/bin/../lib/gcc/arm-none-eabi/4.8.4/armv7e-m/fpu/crti.o
                0x00009508                _init
 .init          0x0000950c        0x8 /opt/Freescale/KDS_v3/toolchain/bin/../lib/gcc/arm-none-eabi/4.8.4/armv7e-m/fpu/crtn.o
 *(.fini)
 .fini          0x00009514        0x4 /opt/Freescale/KDS_v3/toolchain/bin/../lib/gcc/arm-none-eabi/4.8.4/armv7e-m/fpu/crti.o
                0x00009514                _fini
 .fini          0x00009518        0x8 /opt/Freescale/KDS_v3/toolchain/bin/../lib/gcc/arm-none-eabi/4.8.4/armv7e-m/fpu/crtn.o
                0x00009520                . = ALIGN (0x4)

.vfp11_veneer   0x00009520        0x0
 .vfp11_veneer  0x00000000        0x0 linker stubs

.v4_bx          0x00009520        0x0
 .v4_bx         0x00000000        0x0 linker stubs

.iplt           0x00009520        0x0
 .iplt          0x00000000        0x0 /opt/Freescale/KDS_v3/toolchain/bin/../lib/gcc/arm-none-eabi/4.8.4/armv7e-m/fpu/crtbegin.o

.ARM.extab
 *(.ARM.extab* .gnu.linkonce.armextab.*)

.ARM            0x00009520        0x8
                0x00009520                __exidx_start = .
 *(.ARM.exidx*)
 .ARM.exidx     0x00009520        0x8 /opt/Freescale/KDS_v3/toolchain/bin/../lib/gcc/arm-none-eabi/4.8.4/../../../../arm-none-eabi/lib/armv7e-m/fpu/crt0.o
 .ARM.exidx     0x00009528        0x0 /opt/Freescale/KDS_v3/toolchain/bin/../lib/gcc/arm-none-eabi/4.8.4/armv7e-m/fpu/libgcc.a(_divdi3.o)
                                  0x8 (size before relaxing)
 .ARM.exidx     0x00009528        0x0 /opt/Freescale/KDS_v3/toolchain/bin/../lib/gcc/arm-none-eabi/4.8.4/armv7e-m/fpu/libgcc.a(_udivdi3.o)
                                  0x8 (size before relaxing)
                0x00009528                __exidx_end = .

.rel.dyn        0x00009528        0x0
 .rel.iplt      0x00000000        0x0 /opt/Freescale/KDS_v3/toolchain/bin/../lib/gcc/arm-none-eabi/4.8.4/armv7e-m/fpu/crtbegin.o

.ctors          0x00009528        0x0
                0x00009528                __CTOR_LIST__ = .
 *crtbegin.o(.ctors)
 *crtbegin?.o(.ctors)
 *(EXCLUDE_FILE(*crtend.o *crtend?.o) .ctors)
 *(SORT(.ctors.*))
 *(.ctors)
                0x00009528                __CTOR_END__ = .

.dtors          0x00009528        0x0
                0x00009528                __DTOR_LIST__ = .
 *crtbegin.o(.dtors)
 *crtbegin?.o(.dtors)
 *(EXCLUDE_FILE(*crtend.o *crtend?.o) .dtors)
 *(SORT(.dtors.*))
 *(.dtors)
                0x00009528                __DTOR_END__ = .

.preinit_array  0x00009528        0x0
                0x00009528                PROVIDE (__preinit_array_start, .)
 *(.preinit_array*)
                0x00009528                PROVIDE (__preinit_array_end, .)

.init_array     0x00009528        0x4
                0x00009528                PROVIDE (__init_array_start, .)
 *(SORT(.init_array.*))
 *(.init_array*)
 .init_array    0x00009528        0x4 /opt/Freescale/KDS_v3/toolchain/bin/../lib/gcc/arm-none-eabi/4.8.4/armv7e-m/fpu/crtbegin.o
                0x0000952c                PROVIDE (__init_array_end, .)

.fini_array     0x0000952c        0x4
                0x0000952c                PROVIDE (__fini_array_start, .)
 *(SORT(.fini_array.*))
 *(.fini_array*)
 .fini_array    0x0000952c        0x4 /opt/Freescale/KDS_v3/toolchain/bin/../lib/gcc/arm-none-eabi/4.8.4/armv7e-m/fpu/crtbegin.o
                0x00009530                PROVIDE (__fini_array_end, .)
                0x00009530                __etext = .
                0x00009530                __DATA_ROM = .

.interrupts_ram
                0x1fff0000        0x0
                0x1fff0000                . = ALIGN (0x4)
                0x1fff0000                __VECTOR_RAM__ = .
                0x1fff0000                __interrupts_ram_start__ = .
 *(.m_interrupts_ram)
                0x1fff0000                . = (. + M_VECTOR_RAM_SIZE)
                0x1fff0000                . = ALIGN (0x4)
                0x1fff0000                __interrupts_ram_end__ = .
                0x00000000                __VECTOR_RAM = DEFINED (__ram_vector_table__)?__VECTOR_RAM__:ORIGIN (m_interrupts)
                0x00000000                __RAM_VECTOR_TABLE_SIZE_BYTES = DEFINED (__ram_vector_table__)?(__interrupts_ram_end__ - __interrupts_ram_start__):0x0

.data           0x1fff0000       0x80 load address 0x00009530
                0x1fff0000                . = ALIGN (0x4)
                0x1fff0000                __DATA_RAM = .
                0x1fff0000                __data_start__ = .
 *(.data)
 *(.data*)
 .data.SystemCoreClock
                0x1fff0000        0x4 ./startup/system_MK22F51212.o
                0x1fff0000                SystemCoreClock
 .data.startDigit
                0x1fff0004        0x4 ./source/tasks/tasks.o
 .data.uxCriticalNesting
                0x1fff0008        0x4 ./freertos/Source/portable/GCC/ARM_CM4F/port.o
 .data.s_slowIrcFreq
                0x1fff000c        0x4 ./drivers/fsl_clock.o
 .data.s_fastIrcFreq
                0x1fff0010        0x4 ./drivers/fsl_clock.o
 .data.__fdlib_version
                0x1fff0014        0x1 /opt/Freescale/KDS_v3/toolchain/bin/../lib/gcc/arm-none-eabi/4.8.4/../../../../arm-none-eabi/lib/armv7e-m/fpu/libm.a(lib_a-s_lib_ver.o)
                0x1fff0014                __fdlib_version
 *fill*         0x1fff0015        0x3 
 .data.impure_data
                0x1fff0018       0x60 /opt/Freescale/KDS_v3/toolchain/bin/../lib/gcc/arm-none-eabi/4.8.4/../../../../arm-none-eabi/lib/armv7e-m/fpu/libg_s.a(lib_a-impure.o)
 .data._impure_ptr
                0x1fff0078        0x4 /opt/Freescale/KDS_v3/toolchain/bin/../lib/gcc/arm-none-eabi/4.8.4/../../../../arm-none-eabi/lib/armv7e-m/fpu/libg_s.a(lib_a-impure.o)
                0x1fff0078                _impure_ptr
 *(.jcr*)
 .jcr           0x1fff007c        0x0 /opt/Freescale/KDS_v3/toolchain/bin/../lib/gcc/arm-none-eabi/4.8.4/armv7e-m/fpu/crtbegin.o
 .jcr           0x1fff007c        0x4 /opt/Freescale/KDS_v3/toolchain/bin/../lib/gcc/arm-none-eabi/4.8.4/armv7e-m/fpu/crtend.o
                0x1fff0080                . = ALIGN (0x4)
                0x1fff0080                __data_end__ = .
                0x000095b0                __DATA_END = (__DATA_ROM + (__data_end__ - __data_start__))
                0x00080000                text_end = (ORIGIN (m_text) + 0x7fbf0)
                0x00000001                ASSERT ((__DATA_END <= text_end), region m_text overflowed with text and data)
                0x00000800                USB_RAM_GAP = DEFINED (__usb_ram_size__)?__usb_ram_size__:0x800

.igot.plt       0x1fff0080        0x0 load address 0x000095b0
 .igot.plt      0x00000000        0x0 /opt/Freescale/KDS_v3/toolchain/bin/../lib/gcc/arm-none-eabi/4.8.4/armv7e-m/fpu/crtbegin.o

.bss            0x1fff0080     0x33dc load address 0x000095b0
                0x1fff0080                . = ALIGN (0x4)
                0x1fff0080                __START_BSS = .
                0x1fff0080                __bss_start__ = .
 *(.bss)
 .bss           0x1fff0080       0x1c /opt/Freescale/KDS_v3/toolchain/bin/../lib/gcc/arm-none-eabi/4.8.4/armv7e-m/fpu/crtbegin.o
 *(.bss*)
 .bss.s_debugConsole
                0x1fff009c       0x10 ./utilities/fsl_debug_console.o
 .bss.heap_end.4969
                0x1fff00ac        0x4 ./utilities/fsl_sbrk.o
 .bss.digitArray
                0x1fff00b0       0x1c ./source/tasks/tasks.o
 .bss.digitIndex
                0x1fff00cc        0x4 ./source/tasks/tasks.o
 .bss.frequencySamples
                0x1fff00d0       0x28 ./source/hardware/gateTimer.o
 .bss.sampleIndex
                0x1fff00f8        0x4 ./source/hardware/gateTimer.o
 .bss.updateIndex
                0x1fff00fc        0x4 ./source/hardware/gateTimer.o
 .bss.ISRfrequency
                0x1fff0100        0x8 ./source/hardware/gateTimer.o
 .bss.ucHeap    0x1fff0108     0x2800 ./freertos/Source/portable/MemMang/heap_4.o
 .bss.xStart    0x1fff2908        0x8 ./freertos/Source/portable/MemMang/heap_4.o
 .bss.pxEnd     0x1fff2910        0x4 ./freertos/Source/portable/MemMang/heap_4.o
 .bss.xFreeBytesRemaining
                0x1fff2914        0x4 ./freertos/Source/portable/MemMang/heap_4.o
 .bss.xMinimumEverFreeBytesRemaining
                0x1fff2918        0x4 ./freertos/Source/portable/MemMang/heap_4.o
 .bss.xBlockAllocatedBit
                0x1fff291c        0x4 ./freertos/Source/portable/MemMang/heap_4.o
 .bss.ucMaxSysCallPriority
                0x1fff2920        0x1 ./freertos/Source/portable/GCC/ARM_CM4F/port.o
 *fill*         0x1fff2921        0x3 
 .bss.ulMaxPRIGROUPValue
                0x1fff2924        0x4 ./freertos/Source/portable/GCC/ARM_CM4F/port.o
 .bss.pxCurrentTCB
                0x1fff2928        0x4 ./freertos/Source/tasks.o
                0x1fff2928                pxCurrentTCB
 .bss.pxReadyTasksLists
                0x1fff292c       0x64 ./freertos/Source/tasks.o
 .bss.xDelayedTaskList1
                0x1fff2990       0x14 ./freertos/Source/tasks.o
 .bss.xDelayedTaskList2
                0x1fff29a4       0x14 ./freertos/Source/tasks.o
 .bss.pxDelayedTaskList
                0x1fff29b8        0x4 ./freertos/Source/tasks.o
 .bss.pxOverflowDelayedTaskList
                0x1fff29bc        0x4 ./freertos/Source/tasks.o
 .bss.xPendingReadyList
                0x1fff29c0       0x14 ./freertos/Source/tasks.o
 .bss.xTasksWaitingTermination
                0x1fff29d4       0x14 ./freertos/Source/tasks.o
 .bss.uxTasksDeleted
                0x1fff29e8        0x4 ./freertos/Source/tasks.o
 .bss.xSuspendedTaskList
                0x1fff29ec       0x14 ./freertos/Source/tasks.o
 .bss.uxCurrentNumberOfTasks
                0x1fff2a00        0x4 ./freertos/Source/tasks.o
 .bss.xTickCount
                0x1fff2a04        0x4 ./freertos/Source/tasks.o
 .bss.uxTopReadyPriority
                0x1fff2a08        0x4 ./freertos/Source/tasks.o
 .bss.xSchedulerRunning
                0x1fff2a0c        0x4 ./freertos/Source/tasks.o
 .bss.uxPendedTicks
                0x1fff2a10        0x4 ./freertos/Source/tasks.o
 .bss.xYieldPending
                0x1fff2a14        0x4 ./freertos/Source/tasks.o
 .bss.xNumOfOverflows
                0x1fff2a18        0x4 ./freertos/Source/tasks.o
 .bss.uxTaskNumber
                0x1fff2a1c        0x4 ./freertos/Source/tasks.o
 .bss.xNextTaskUnblockTime
                0x1fff2a20        0x4 ./freertos/Source/tasks.o
 .bss.uxSchedulerSuspended
                0x1fff2a24        0x4 ./freertos/Source/tasks.o
 .bss.xActiveTimerList1
                0x1fff2a28       0x14 ./freertos/Source/timers.o
 .bss.xActiveTimerList2
                0x1fff2a3c       0x14 ./freertos/Source/timers.o
 .bss.pxCurrentTimerList
                0x1fff2a50        0x4 ./freertos/Source/timers.o
 .bss.pxOverflowTimerList
                0x1fff2a54        0x4 ./freertos/Source/timers.o
 .bss.xTimerQueue
                0x1fff2a58        0x4 ./freertos/Source/timers.o
 .bss.xLastTime.5201
                0x1fff2a5c        0x4 ./freertos/Source/timers.o
 .bss.g_dspiHandle
                0x1fff2a60        0x8 ./drivers/fsl_dspi.o
 .bss.s_dspiMasterIsr
                0x1fff2a68        0x4 ./drivers/fsl_dspi.o
 .bss.s_dspiSlaveIsr
                0x1fff2a6c        0x4 ./drivers/fsl_dspi.o
 .bss.s_EDMAHandle
                0x1fff2a70       0x40 ./drivers/fsl_edma.o
 .bss.s_i2cHandle
                0x1fff2ab0        0x8 ./drivers/fsl_i2c.o
 .bss.s_i2cMasterIsr
                0x1fff2ab8        0x4 ./drivers/fsl_i2c.o
 .bss.s_i2cSlaveIsr
                0x1fff2abc        0x4 ./drivers/fsl_i2c.o
 .bss.s_lpuartHandle
                0x1fff2ac0        0x4 ./drivers/fsl_lpuart.o
 .bss.s_lpuartIsr
                0x1fff2ac4        0x4 ./drivers/fsl_lpuart.o
 .bss.s_uartHandle
                0x1fff2ac8        0xc ./drivers/fsl_uart.o
 .bss.s_uartIsr
                0x1fff2ad4        0x4 ./drivers/fsl_uart.o
 .bss.__malloc_sbrk_start
                0x1fff2ad8        0x4 /opt/Freescale/KDS_v3/toolchain/bin/../lib/gcc/arm-none-eabi/4.8.4/../../../../arm-none-eabi/lib/armv7e-m/fpu/libg_s.a(lib_a-nano-mallocr.o)
                0x1fff2ad8                __malloc_sbrk_start
 .bss.__malloc_free_list
                0x1fff2adc        0x4 /opt/Freescale/KDS_v3/toolchain/bin/../lib/gcc/arm-none-eabi/4.8.4/../../../../arm-none-eabi/lib/armv7e-m/fpu/libg_s.a(lib_a-nano-mallocr.o)
                0x1fff2adc                __malloc_free_list
                0x1fff2c00                . = ALIGN (0x200)
 *fill*         0x1fff2ae0      0x120 
                0x1fff2c00                USB_RAM_START = .
                0x1fff3400                . = (. + USB_RAM_GAP)
 *fill*         0x1fff2c00      0x800 
 *(COMMON)
 COMMON         0x1fff3400        0x8 ./source/tasks/tasks.o
                0x1fff3400                displayTimer
                0x1fff3404                frequencyReadingQueue
 COMMON         0x1fff3408       0x40 ./freertos/Source/queue.o
                0x1fff3408                xQueueRegistry
 COMMON         0x1fff3448        0x8 ./drivers/fsl_clock.o
                0x1fff3448                g_xtal32Freq
                0x1fff344c                g_xtal0Freq
 COMMON         0x1fff3450        0x8 ./drivers/fsl_sai.o
                0x1fff3450                s_saiHandle
 COMMON         0x1fff3458        0x4 /opt/Freescale/KDS_v3/toolchain/bin/../lib/gcc/arm-none-eabi/4.8.4/../../../../arm-none-eabi/lib/armv7e-m/fpu/libg_s.a(lib_a-reent.o)
                0x1fff3458                errno
                0x1fff345c                . = ALIGN (0x4)
                0x1fff345c                __bss_end__ = .
                0x1fff345c                __END_BSS = .

.heap           0x20000000      0x400
                0x20000000                . = ALIGN (0x8)
                0x20000000                __end__ = .
                0x20000000                PROVIDE (end, .)
                0x20000000                __HeapBase = .
                0x20000400                . = (. + HEAP_SIZE)
 *fill*         0x20000000      0x400 
                0x20000400                __HeapLimit = .
                0x20000400                __heap_limit = .

.stack          0x20000400      0x400
                0x20000400                . = ALIGN (0x8)
                0x20000800                . = (. + STACK_SIZE)
 *fill*         0x20000400      0x400 

m_usb_bdt       0x1fff2c00        0x0
 *(m_usb_bdt)
                0x1fff2c00                USB_RAM_BDT_END = .

m_usb_global
 *(m_usb_global)
                0x20010000                __StackTop = (ORIGIN (m_data_2) + 0x10000)
                0x2000fc00                __StackLimit = (__StackTop - STACK_SIZE)
                0x20010000                PROVIDE (__stack, __StackTop)

.ARM.attributes
                0x00000000       0x30
 *(.ARM.attributes)
 .ARM.attributes
                0x00000000       0x22 /opt/Freescale/KDS_v3/toolchain/bin/../lib/gcc/arm-none-eabi/4.8.4/armv7e-m/fpu/crti.o
 .ARM.attributes
                0x00000022       0x34 /opt/Freescale/KDS_v3/toolchain/bin/../lib/gcc/arm-none-eabi/4.8.4/armv7e-m/fpu/crtbegin.o
 .ARM.attributes
                0x00000056       0x20 /opt/Freescale/KDS_v3/toolchain/bin/../lib/gcc/arm-none-eabi/4.8.4/../../../../arm-none-eabi/lib/armv7e-m/fpu/crt0.o
 .ARM.attributes
                0x00000076       0x39 ./utilities/fsl_debug_console.o
 .ARM.attributes
                0x000000af       0x39 ./utilities/fsl_sbrk.o
 .ARM.attributes
                0x000000e8       0x1f ./startup/startup_MK22F51212.o
 .ARM.attributes
                0x00000107       0x39 ./startup/system_MK22F51212.o
 .ARM.attributes
                0x00000140       0x39 ./source/util/util.o
 .ARM.attributes
                0x00000179       0x39 ./source/tasks/tasks.o
 .ARM.attributes
                0x000001b2       0x39 ./source/hardware/gateTimer.o
 .ARM.attributes
                0x000001eb       0x39 ./source/hardware/hardware.o
 .ARM.attributes
                0x00000224       0x39 ./source/main.o
 .ARM.attributes
                0x0000025d       0x39 ./freertos/Source/portable/MemMang/heap_4.o
 .ARM.attributes
                0x00000296       0x39 ./freertos/Source/portable/GCC/ARM_CM4F/port.o
 .ARM.attributes
                0x000002cf       0x39 ./freertos/Source/list.o
 .ARM.attributes
                0x00000308       0x39 ./freertos/Source/queue.o
 .ARM.attributes
                0x00000341       0x39 ./freertos/Source/tasks.o
 .ARM.attributes
                0x0000037a       0x39 ./freertos/Source/timers.o
 .ARM.attributes
                0x000003b3       0x39 ./drivers/fsl_clock.o
 .ARM.attributes
                0x000003ec       0x39 ./drivers/fsl_common.o
 .ARM.attributes
                0x00000425       0x39 ./drivers/fsl_dspi.o
 .ARM.attributes
                0x0000045e       0x39 ./drivers/fsl_edma.o
 .ARM.attributes
                0x00000497       0x39 ./drivers/fsl_gpio.o
 .ARM.attributes
                0x000004d0       0x39 ./drivers/fsl_i2c.o
 .ARM.attributes
                0x00000509       0x39 ./drivers/fsl_lpuart.o
 .ARM.attributes
                0x00000542       0x39 ./drivers/fsl_pit.o
 .ARM.attributes
                0x0000057b       0x39 ./drivers/fsl_sai.o
 .ARM.attributes
                0x000005b4       0x39 ./drivers/fsl_uart.o
 .ARM.attributes
                0x000005ed       0x39 ./board/board.o
 .ARM.attributes
                0x00000626       0x39 ./board/clock_config.o
 .ARM.attributes
                0x0000065f       0x39 ./board/pin_mux.o
 .ARM.attributes
                0x00000698       0x34 /opt/Freescale/KDS_v3/toolchain/bin/../lib/gcc/arm-none-eabi/4.8.4/../../../../arm-none-eabi/lib/armv7e-m/fpu/libm.a(lib_a-s_modf.o)
 .ARM.attributes
                0x000006cc       0x34 /opt/Freescale/KDS_v3/toolchain/bin/../lib/gcc/arm-none-eabi/4.8.4/../../../../arm-none-eabi/lib/armv7e-m/fpu/libm.a(lib_a-w_pow.o)
 .ARM.attributes
                0x00000700       0x34 /opt/Freescale/KDS_v3/toolchain/bin/../lib/gcc/arm-none-eabi/4.8.4/../../../../arm-none-eabi/lib/armv7e-m/fpu/libm.a(lib_a-e_pow.o)
 .ARM.attributes
                0x00000734       0x34 /opt/Freescale/KDS_v3/toolchain/bin/../lib/gcc/arm-none-eabi/4.8.4/../../../../arm-none-eabi/lib/armv7e-m/fpu/libm.a(lib_a-e_sqrt.o)
 .ARM.attributes
                0x00000768       0x34 /opt/Freescale/KDS_v3/toolchain/bin/../lib/gcc/arm-none-eabi/4.8.4/../../../../arm-none-eabi/lib/armv7e-m/fpu/libm.a(lib_a-s_fabs.o)
 .ARM.attributes
                0x0000079c       0x34 /opt/Freescale/KDS_v3/toolchain/bin/../lib/gcc/arm-none-eabi/4.8.4/../../../../arm-none-eabi/lib/armv7e-m/fpu/libm.a(lib_a-s_finite.o)
 .ARM.attributes
                0x000007d0       0x34 /opt/Freescale/KDS_v3/toolchain/bin/../lib/gcc/arm-none-eabi/4.8.4/../../../../arm-none-eabi/lib/armv7e-m/fpu/libm.a(lib_a-s_fpclassify.o)
 .ARM.attributes
                0x00000804       0x34 /opt/Freescale/KDS_v3/toolchain/bin/../lib/gcc/arm-none-eabi/4.8.4/../../../../arm-none-eabi/lib/armv7e-m/fpu/libm.a(lib_a-s_lib_ver.o)
 .ARM.attributes
                0x00000838       0x34 /opt/Freescale/KDS_v3/toolchain/bin/../lib/gcc/arm-none-eabi/4.8.4/../../../../arm-none-eabi/lib/armv7e-m/fpu/libm.a(lib_a-s_matherr.o)
 .ARM.attributes
                0x0000086c       0x34 /opt/Freescale/KDS_v3/toolchain/bin/../lib/gcc/arm-none-eabi/4.8.4/../../../../arm-none-eabi/lib/armv7e-m/fpu/libm.a(lib_a-s_nan.o)
 .ARM.attributes
                0x000008a0       0x34 /opt/Freescale/KDS_v3/toolchain/bin/../lib/gcc/arm-none-eabi/4.8.4/../../../../arm-none-eabi/lib/armv7e-m/fpu/libm.a(lib_a-s_rint.o)
 .ARM.attributes
                0x000008d4       0x34 /opt/Freescale/KDS_v3/toolchain/bin/../lib/gcc/arm-none-eabi/4.8.4/../../../../arm-none-eabi/lib/armv7e-m/fpu/libm.a(lib_a-s_scalbn.o)
 .ARM.attributes
                0x00000908       0x34 /opt/Freescale/KDS_v3/toolchain/bin/../lib/gcc/arm-none-eabi/4.8.4/../../../../arm-none-eabi/lib/armv7e-m/fpu/libm.a(lib_a-s_copysign.o)
 .ARM.attributes
                0x0000093c       0x22 /opt/Freescale/KDS_v3/toolchain/bin/../lib/gcc/arm-none-eabi/4.8.4/armv7e-m/fpu/libgcc.a(_arm_addsubdf3.o)
 .ARM.attributes
                0x0000095e       0x22 /opt/Freescale/KDS_v3/toolchain/bin/../lib/gcc/arm-none-eabi/4.8.4/armv7e-m/fpu/libgcc.a(_arm_muldivdf3.o)
 .ARM.attributes
                0x00000980       0x22 /opt/Freescale/KDS_v3/toolchain/bin/../lib/gcc/arm-none-eabi/4.8.4/armv7e-m/fpu/libgcc.a(_arm_cmpdf2.o)
 .ARM.attributes
                0x000009a2       0x22 /opt/Freescale/KDS_v3/toolchain/bin/../lib/gcc/arm-none-eabi/4.8.4/armv7e-m/fpu/libgcc.a(_arm_fixdfsi.o)
 .ARM.attributes
                0x000009c4       0x22 /opt/Freescale/KDS_v3/toolchain/bin/../lib/gcc/arm-none-eabi/4.8.4/armv7e-m/fpu/libgcc.a(_arm_truncdfsf2.o)
 .ARM.attributes
                0x000009e6       0x22 /opt/Freescale/KDS_v3/toolchain/bin/../lib/gcc/arm-none-eabi/4.8.4/armv7e-m/fpu/libgcc.a(_aeabi_ldivmod.o)
 .ARM.attributes
                0x00000a08       0x22 /opt/Freescale/KDS_v3/toolchain/bin/../lib/gcc/arm-none-eabi/4.8.4/armv7e-m/fpu/libgcc.a(_aeabi_uldivmod.o)
 .ARM.attributes
                0x00000a2a       0x34 /opt/Freescale/KDS_v3/toolchain/bin/../lib/gcc/arm-none-eabi/4.8.4/armv7e-m/fpu/libgcc.a(_fixdfdi.o)
 .ARM.attributes
                0x00000a5e       0x34 /opt/Freescale/KDS_v3/toolchain/bin/../lib/gcc/arm-none-eabi/4.8.4/armv7e-m/fpu/libgcc.a(_fixunsdfdi.o)
 .ARM.attributes
                0x00000a92       0x34 /opt/Freescale/KDS_v3/toolchain/bin/../lib/gcc/arm-none-eabi/4.8.4/armv7e-m/fpu/libgcc.a(bpabi.o)
 .ARM.attributes
                0x00000ac6       0x22 /opt/Freescale/KDS_v3/toolchain/bin/../lib/gcc/arm-none-eabi/4.8.4/armv7e-m/fpu/libgcc.a(_dvmd_tls.o)
 .ARM.attributes
                0x00000ae8       0x22 /opt/Freescale/KDS_v3/toolchain/bin/../lib/gcc/arm-none-eabi/4.8.4/armv7e-m/fpu/libgcc.a(_arm_fixunsdfsi.o)
 .ARM.attributes
                0x00000b0a       0x34 /opt/Freescale/KDS_v3/toolchain/bin/../lib/gcc/arm-none-eabi/4.8.4/armv7e-m/fpu/libgcc.a(_divdi3.o)
 .ARM.attributes
                0x00000b3e       0x34 /opt/Freescale/KDS_v3/toolchain/bin/../lib/gcc/arm-none-eabi/4.8.4/armv7e-m/fpu/libgcc.a(_udivdi3.o)
 .ARM.attributes
                0x00000b72       0x34 /opt/Freescale/KDS_v3/toolchain/bin/../lib/gcc/arm-none-eabi/4.8.4/../../../../arm-none-eabi/lib/armv7e-m/fpu/libg_s.a(lib_a-errno.o)
 .ARM.attributes
                0x00000ba6       0x34 /opt/Freescale/KDS_v3/toolchain/bin/../lib/gcc/arm-none-eabi/4.8.4/../../../../arm-none-eabi/lib/armv7e-m/fpu/libg_s.a(lib_a-exit.o)
 .ARM.attributes
                0x00000bda       0x34 /opt/Freescale/KDS_v3/toolchain/bin/../lib/gcc/arm-none-eabi/4.8.4/../../../../arm-none-eabi/lib/armv7e-m/fpu/libg_s.a(lib_a-impure.o)
 .ARM.attributes
                0x00000c0e       0x34 /opt/Freescale/KDS_v3/toolchain/bin/../lib/gcc/arm-none-eabi/4.8.4/../../../../arm-none-eabi/lib/armv7e-m/fpu/libg_s.a(lib_a-init.o)
 .ARM.attributes
                0x00000c42       0x34 /opt/Freescale/KDS_v3/toolchain/bin/../lib/gcc/arm-none-eabi/4.8.4/../../../../arm-none-eabi/lib/armv7e-m/fpu/libg_s.a(lib_a-memcpy-stub.o)
 .ARM.attributes
                0x00000c76       0x34 /opt/Freescale/KDS_v3/toolchain/bin/../lib/gcc/arm-none-eabi/4.8.4/../../../../arm-none-eabi/lib/armv7e-m/fpu/libg_s.a(lib_a-memset.o)
 .ARM.attributes
                0x00000caa       0x34 /opt/Freescale/KDS_v3/toolchain/bin/../lib/gcc/arm-none-eabi/4.8.4/../../../../arm-none-eabi/lib/armv7e-m/fpu/libg_s.a(lib_a-rand.o)
 .ARM.attributes
                0x00000cde       0x34 /opt/Freescale/KDS_v3/toolchain/bin/../lib/gcc/arm-none-eabi/4.8.4/../../../../arm-none-eabi/lib/armv7e-m/fpu/libg_s.a(lib_a-strlen.o)
 .ARM.attributes
                0x00000d12       0x34 /opt/Freescale/KDS_v3/toolchain/bin/../lib/gcc/arm-none-eabi/4.8.4/../../../../arm-none-eabi/lib/armv7e-m/fpu/libg_s.a(lib_a-malloc.o)
 .ARM.attributes
                0x00000d46       0x34 /opt/Freescale/KDS_v3/toolchain/bin/../lib/gcc/arm-none-eabi/4.8.4/../../../../arm-none-eabi/lib/armv7e-m/fpu/libg_s.a(lib_a-nano-mallocr.o)
 .ARM.attributes
                0x00000d7a       0x34 /opt/Freescale/KDS_v3/toolchain/bin/../lib/gcc/arm-none-eabi/4.8.4/../../../../arm-none-eabi/lib/armv7e-m/fpu/libg_s.a(lib_a-sbrkr.o)
 .ARM.attributes
                0x00000dae       0x34 /opt/Freescale/KDS_v3/toolchain/bin/../lib/gcc/arm-none-eabi/4.8.4/../../../../arm-none-eabi/lib/armv7e-m/fpu/libg_s.a(lib_a-reent.o)
 .ARM.attributes
                0x00000de2       0x34 /opt/Freescale/KDS_v3/toolchain/bin/../lib/gcc/arm-none-eabi/4.8.4/../../../../arm-none-eabi/lib/armv7e-m/fpu/libnosys.a(_exit.o)
 .ARM.attributes
                0x00000e16       0x34 /opt/Freescale/KDS_v3/toolchain/bin/../lib/gcc/arm-none-eabi/4.8.4/armv7e-m/fpu/crtend.o
 .ARM.attributes
                0x00000e4a       0x22 /opt/Freescale/KDS_v3/toolchain/bin/../lib/gcc/arm-none-eabi/4.8.4/armv7e-m/fpu/crtn.o
                0x00000001                ASSERT ((__StackLimit >= __HeapLimit), region m_data_2 overflowed with stack and heap)
OUTPUT(frequencyCounter.elf elf32-littlearm)

.debug_info     0x00000000    0x15a58
 .debug_info    0x00000000     0x116d ./utilities/fsl_debug_console.o
 .debug_info    0x0000116d      0x112 ./utilities/fsl_sbrk.o
 .debug_info    0x0000127f       0x7b ./startup/startup_MK22F51212.o
 .debug_info    0x000012fa      0x5e8 ./startup/system_MK22F51212.o
 .debug_info    0x000018e2      0x127 ./source/util/util.o
 .debug_info    0x00001a09      0x3c8 ./source/tasks/tasks.o
 .debug_info    0x00001dd1      0xa28 ./source/hardware/gateTimer.o
 .debug_info    0x000027f9       0x9b ./source/hardware/hardware.o
 .debug_info    0x00002894      0x26c ./source/main.o
 .debug_info    0x00002b00      0x3cf ./freertos/Source/portable/MemMang/heap_4.o
 .debug_info    0x00002ecf      0x534 ./freertos/Source/portable/GCC/ARM_CM4F/port.o
 .debug_info    0x00003403      0x2a1 ./freertos/Source/list.o
 .debug_info    0x000036a4     0x126c ./freertos/Source/queue.o
 .debug_info    0x00004910     0x1cbf ./freertos/Source/tasks.o
 .debug_info    0x000065cf      0xa0d ./freertos/Source/timers.o
 .debug_info    0x00006fdc     0x1e59 ./drivers/fsl_clock.o
 .debug_info    0x00008e35      0x60a ./drivers/fsl_common.o
 .debug_info    0x0000943f     0x20cc ./drivers/fsl_dspi.o
 .debug_info    0x0000b50b     0x1fa0 ./drivers/fsl_edma.o
 .debug_info    0x0000d4ab      0x556 ./drivers/fsl_gpio.o
 .debug_info    0x0000da01     0x1bd3 ./drivers/fsl_i2c.o
 .debug_info    0x0000f5d4     0x175c ./drivers/fsl_lpuart.o
 .debug_info    0x00010d30      0x5ea ./drivers/fsl_pit.o
 .debug_info    0x0001131a     0x1b3f ./drivers/fsl_sai.o
 .debug_info    0x00012e59     0x1916 ./drivers/fsl_uart.o
 .debug_info    0x0001476f      0x391 ./board/board.o
 .debug_info    0x00014b00      0x8c3 ./board/clock_config.o
 .debug_info    0x000153c3      0x695 ./board/pin_mux.o

.debug_abbrev   0x00000000     0x3391
 .debug_abbrev  0x00000000      0x297 ./utilities/fsl_debug_console.o
 .debug_abbrev  0x00000297       0xa3 ./utilities/fsl_sbrk.o
 .debug_abbrev  0x0000033a       0x14 ./startup/startup_MK22F51212.o
 .debug_abbrev  0x0000034e      0x11a ./startup/system_MK22F51212.o
 .debug_abbrev  0x00000468       0x86 ./source/util/util.o
 .debug_abbrev  0x000004ee      0x164 ./source/tasks/tasks.o
 .debug_abbrev  0x00000652      0x207 ./source/hardware/gateTimer.o
 .debug_abbrev  0x00000859       0x61 ./source/hardware/hardware.o
 .debug_abbrev  0x000008ba       0xc5 ./source/main.o
 .debug_abbrev  0x0000097f      0x1bc ./freertos/Source/portable/MemMang/heap_4.o
 .debug_abbrev  0x00000b3b      0x1d1 ./freertos/Source/portable/GCC/ARM_CM4F/port.o
 .debug_abbrev  0x00000d0c       0xc1 ./freertos/Source/list.o
 .debug_abbrev  0x00000dcd      0x20b ./freertos/Source/queue.o
 .debug_abbrev  0x00000fd8      0x281 ./freertos/Source/tasks.o
 .debug_abbrev  0x00001259      0x1df ./freertos/Source/timers.o
 .debug_abbrev  0x00001438      0x2c9 ./drivers/fsl_clock.o
 .debug_abbrev  0x00001701      0x168 ./drivers/fsl_common.o
 .debug_abbrev  0x00001869      0x2f1 ./drivers/fsl_dspi.o
 .debug_abbrev  0x00001b5a      0x3a4 ./drivers/fsl_edma.o
 .debug_abbrev  0x00001efe      0x195 ./drivers/fsl_gpio.o
 .debug_abbrev  0x00002093      0x313 ./drivers/fsl_i2c.o
 .debug_abbrev  0x000023a6      0x372 ./drivers/fsl_lpuart.o
 .debug_abbrev  0x00002718      0x1b3 ./drivers/fsl_pit.o
 .debug_abbrev  0x000028cb      0x28f ./drivers/fsl_sai.o
 .debug_abbrev  0x00002b5a      0x3a4 ./drivers/fsl_uart.o
 .debug_abbrev  0x00002efe      0x100 ./board/board.o
 .debug_abbrev  0x00002ffe      0x1b6 ./board/clock_config.o
 .debug_abbrev  0x000031b4      0x1dd ./board/pin_mux.o

.debug_aranges  0x00000000     0x1280
 .debug_aranges
                0x00000000       0xa8 ./utilities/fsl_debug_console.o
 .debug_aranges
                0x000000a8       0x20 ./utilities/fsl_sbrk.o
 .debug_aranges
                0x000000c8       0x20 ./startup/startup_MK22F51212.o
 .debug_aranges
                0x000000e8       0x28 ./startup/system_MK22F51212.o
 .debug_aranges
                0x00000110       0x20 ./source/util/util.o
 .debug_aranges
                0x00000130       0x30 ./source/tasks/tasks.o
 .debug_aranges
                0x00000160       0x60 ./source/hardware/gateTimer.o
 .debug_aranges
                0x000001c0       0x38 ./source/hardware/hardware.o
 .debug_aranges
                0x000001f8       0x20 ./source/main.o
 .debug_aranges
                0x00000218       0x50 ./freertos/Source/portable/MemMang/heap_4.o
 .debug_aranges
                0x00000268       0x80 ./freertos/Source/portable/GCC/ARM_CM4F/port.o
 .debug_aranges
                0x000002e8       0x40 ./freertos/Source/list.o
 .debug_aranges
                0x00000328      0x100 ./freertos/Source/queue.o
 .debug_aranges
                0x00000428      0x1c0 ./freertos/Source/tasks.o
 .debug_aranges
                0x000005e8       0x98 ./freertos/Source/timers.o
 .debug_aranges
                0x00000680      0x1f8 ./drivers/fsl_clock.o
 .debug_aranges
                0x00000878       0x28 ./drivers/fsl_common.o
 .debug_aranges
                0x000008a0      0x1a0 ./drivers/fsl_dspi.o
 .debug_aranges
                0x00000a40      0x1c8 ./drivers/fsl_edma.o
 .debug_aranges
                0x00000c08       0x40 ./drivers/fsl_gpio.o
 .debug_aranges
                0x00000c48      0x170 ./drivers/fsl_i2c.o
 .debug_aranges
                0x00000db8      0x130 ./drivers/fsl_lpuart.o
 .debug_aranges
                0x00000ee8       0x40 ./drivers/fsl_pit.o
 .debug_aranges
                0x00000f28      0x160 ./drivers/fsl_sai.o
 .debug_aranges
                0x00001088      0x150 ./drivers/fsl_uart.o
 .debug_aranges
                0x000011d8       0x20 ./board/board.o
 .debug_aranges
                0x000011f8       0x50 ./board/clock_config.o
 .debug_aranges
                0x00001248       0x38 ./board/pin_mux.o

.debug_ranges   0x00000000     0x10b0
 .debug_ranges  0x00000000       0x98 ./utilities/fsl_debug_console.o
 .debug_ranges  0x00000098       0x10 ./utilities/fsl_sbrk.o
 .debug_ranges  0x000000a8       0x18 ./startup/system_MK22F51212.o
 .debug_ranges  0x000000c0       0x10 ./source/util/util.o
 .debug_ranges  0x000000d0       0x20 ./source/tasks/tasks.o
 .debug_ranges  0x000000f0       0x50 ./source/hardware/gateTimer.o
 .debug_ranges  0x00000140       0x28 ./source/hardware/hardware.o
 .debug_ranges  0x00000168       0x10 ./source/main.o
 .debug_ranges  0x00000178       0x40 ./freertos/Source/portable/MemMang/heap_4.o
 .debug_ranges  0x000001b8       0x70 ./freertos/Source/portable/GCC/ARM_CM4F/port.o
 .debug_ranges  0x00000228       0x30 ./freertos/Source/list.o
 .debug_ranges  0x00000258       0xf0 ./freertos/Source/queue.o
 .debug_ranges  0x00000348      0x1b0 ./freertos/Source/tasks.o
 .debug_ranges  0x000004f8       0x88 ./freertos/Source/timers.o
 .debug_ranges  0x00000580      0x1e8 ./drivers/fsl_clock.o
 .debug_ranges  0x00000768       0x18 ./drivers/fsl_common.o
 .debug_ranges  0x00000780      0x190 ./drivers/fsl_dspi.o
 .debug_ranges  0x00000910      0x1b8 ./drivers/fsl_edma.o
 .debug_ranges  0x00000ac8       0x30 ./drivers/fsl_gpio.o
 .debug_ranges  0x00000af8      0x160 ./drivers/fsl_i2c.o
 .debug_ranges  0x00000c58      0x120 ./drivers/fsl_lpuart.o
 .debug_ranges  0x00000d78       0x30 ./drivers/fsl_pit.o
 .debug_ranges  0x00000da8      0x150 ./drivers/fsl_sai.o
 .debug_ranges  0x00000ef8      0x140 ./drivers/fsl_uart.o
 .debug_ranges  0x00001038       0x10 ./board/board.o
 .debug_ranges  0x00001048       0x40 ./board/clock_config.o
 .debug_ranges  0x00001088       0x28 ./board/pin_mux.o

.debug_macro    0x00000000    0x1093b
 .debug_macro   0x00000000      0x206 ./utilities/fsl_debug_console.o
 .debug_macro   0x00000206      0x85c ./utilities/fsl_debug_console.o
 .debug_macro   0x00000a62       0x58 ./utilities/fsl_debug_console.o
 .debug_macro   0x00000aba       0x58 ./utilities/fsl_debug_console.o
 .debug_macro   0x00000b12       0x16 ./utilities/fsl_debug_console.o
 .debug_macro   0x00000b28       0x35 ./utilities/fsl_debug_console.o
 .debug_macro   0x00000b5d       0xa3 ./utilities/fsl_debug_console.o
 .debug_macro   0x00000c00       0x16 ./utilities/fsl_debug_console.o
 .debug_macro   0x00000c16      0x10e ./utilities/fsl_debug_console.o
 .debug_macro   0x00000d24       0x7f ./utilities/fsl_debug_console.o
 .debug_macro   0x00000da3       0x4a ./utilities/fsl_debug_console.o
 .debug_macro   0x00000ded       0x52 ./utilities/fsl_debug_console.o
 .debug_macro   0x00000e3f       0x16 ./utilities/fsl_debug_console.o
 .debug_macro   0x00000e55       0x43 ./utilities/fsl_debug_console.o
 .debug_macro   0x00000e98      0x180 ./utilities/fsl_debug_console.o
 .debug_macro   0x00001018       0x16 ./utilities/fsl_debug_console.o
 .debug_macro   0x0000102e       0x29 ./utilities/fsl_debug_console.o
 .debug_macro   0x00001057      0x1e1 ./utilities/fsl_debug_console.o
 .debug_macro   0x00001238       0x16 ./utilities/fsl_debug_console.o
 .debug_macro   0x0000124e       0x22 ./utilities/fsl_debug_console.o
 .debug_macro   0x00001270      0x20f ./utilities/fsl_debug_console.o
 .debug_macro   0x0000147f      0x2a6 ./utilities/fsl_debug_console.o
 .debug_macro   0x00001725       0x10 ./utilities/fsl_debug_console.o
 .debug_macro   0x00001735       0x35 ./utilities/fsl_debug_console.o
 .debug_macro   0x0000176a       0x1f ./utilities/fsl_debug_console.o
 .debug_macro   0x00001789       0x10 ./utilities/fsl_debug_console.o
 .debug_macro   0x00001799       0x59 ./utilities/fsl_debug_console.o
 .debug_macro   0x000017f2       0x3b ./utilities/fsl_debug_console.o
 .debug_macro   0x0000182d       0x50 ./utilities/fsl_debug_console.o
 .debug_macro   0x0000187d      0xd40 ./utilities/fsl_debug_console.o
 .debug_macro   0x000025bd       0x41 ./utilities/fsl_debug_console.o
 .debug_macro   0x000025fe     0x8f92 ./utilities/fsl_debug_console.o
 .debug_macro   0x0000b590     0x13a1 ./utilities/fsl_debug_console.o
 .debug_macro   0x0000c931       0x2e ./utilities/fsl_debug_console.o
 .debug_macro   0x0000c95f       0x10 ./utilities/fsl_debug_console.o
 .debug_macro   0x0000c96f      0x126 ./utilities/fsl_debug_console.o
 .debug_macro   0x0000ca95       0x35 ./utilities/fsl_debug_console.o
 .debug_macro   0x0000caca       0x3a ./utilities/fsl_debug_console.o
 .debug_macro   0x0000cb04       0x10 ./utilities/fsl_debug_console.o
 .debug_macro   0x0000cb14       0xfd ./utilities/fsl_sbrk.o
 .debug_macro   0x0000cc11       0x16 ./utilities/fsl_sbrk.o
 .debug_macro   0x0000cc27       0x97 ./utilities/fsl_sbrk.o
 .debug_macro   0x0000ccbe       0x10 ./utilities/fsl_sbrk.o
 .debug_macro   0x0000ccce       0xef ./utilities/fsl_sbrk.o
 .debug_macro   0x0000cdbd       0x10 ./utilities/fsl_sbrk.o
 .debug_macro   0x0000cdcd       0x22 ./utilities/fsl_sbrk.o
 .debug_macro   0x0000cdef       0xbd ./utilities/fsl_sbrk.o
 .debug_macro   0x0000ceac       0x16 ./utilities/fsl_sbrk.o
 .debug_macro   0x0000cec2      0x16c ./utilities/fsl_sbrk.o
 .debug_macro   0x0000d02e       0x10 ./utilities/fsl_sbrk.o
 .debug_macro   0x0000d03e      0x241 ./utilities/fsl_sbrk.o
 .debug_macro   0x0000d27f       0xa5 ./startup/system_MK22F51212.o
 .debug_macro   0x0000d324       0x44 ./startup/system_MK22F51212.o
 .debug_macro   0x0000d368       0xd9 ./source/util/util.o
 .debug_macro   0x0000d441      0x281 ./source/tasks/tasks.o
 .debug_macro   0x0000d6c2       0x16 ./source/tasks/tasks.o
 .debug_macro   0x0000d6d8      0x17f ./source/tasks/tasks.o
 .debug_macro   0x0000d857       0x40 ./source/tasks/tasks.o
 .debug_macro   0x0000d897       0x10 ./source/tasks/tasks.o
 .debug_macro   0x0000d8a7      0x115 ./source/tasks/tasks.o
 .debug_macro   0x0000d9bc      0x15d ./source/tasks/tasks.o
 .debug_macro   0x0000db19       0xe4 ./source/tasks/tasks.o
 .debug_macro   0x0000dbfd       0x10 ./source/tasks/tasks.o
 .debug_macro   0x0000dc0d       0x1f ./source/tasks/tasks.o
 .debug_macro   0x0000dc2c      0x3bc ./source/tasks/tasks.o
 .debug_macro   0x0000dfe8       0xc0 ./source/tasks/tasks.o
 .debug_macro   0x0000e0a8       0x9a ./source/tasks/tasks.o
 .debug_macro   0x0000e142       0x91 ./source/tasks/tasks.o
 .debug_macro   0x0000e1d3       0xb0 ./source/tasks/tasks.o
 .debug_macro   0x0000e283       0x10 ./source/tasks/tasks.o
 .debug_macro   0x0000e293       0x1c ./source/tasks/tasks.o
 .debug_macro   0x0000e2af      0x29c ./source/hardware/gateTimer.o
 .debug_macro   0x0000e54b       0x22 ./source/hardware/gateTimer.o
 .debug_macro   0x0000e56d       0x10 ./source/hardware/gateTimer.o
 .debug_macro   0x0000e57d       0x16 ./source/hardware/gateTimer.o
 .debug_macro   0x0000e593       0x1a ./source/hardware/hardware.o
 .debug_macro   0x0000e5ad      0x284 ./source/main.o
 .debug_macro   0x0000e831       0x10 ./source/main.o
 .debug_macro   0x0000e841      0x163 ./freertos/Source/portable/MemMang/heap_4.o
 .debug_macro   0x0000e9a4      0x115 ./freertos/Source/portable/MemMang/heap_4.o
 .debug_macro   0x0000eab9      0x181 ./freertos/Source/portable/GCC/ARM_CM4F/port.o
 .debug_macro   0x0000ec3a      0x13c ./freertos/Source/list.o
 .debug_macro   0x0000ed76      0x1cc ./freertos/Source/queue.o
 .debug_macro   0x0000ef42      0x208 ./freertos/Source/tasks.o
 .debug_macro   0x0000f14a       0x11 ./freertos/Source/tasks.o
 .debug_macro   0x0000f15b      0x179 ./freertos/Source/timers.o
 .debug_macro   0x0000f2d4      0x250 ./drivers/fsl_clock.o
 .debug_macro   0x0000f524      0x19d ./drivers/fsl_common.o
 .debug_macro   0x0000f6c1      0x199 ./drivers/fsl_dspi.o
 .debug_macro   0x0000f85a       0x40 ./drivers/fsl_dspi.o
 .debug_macro   0x0000f89a      0x19f ./drivers/fsl_edma.o
 .debug_macro   0x0000fa39       0x16 ./drivers/fsl_edma.o
 .debug_macro   0x0000fa4f      0x19a ./drivers/fsl_gpio.o
 .debug_macro   0x0000fbe9      0x199 ./drivers/fsl_i2c.o
 .debug_macro   0x0000fd82       0x10 ./drivers/fsl_i2c.o
 .debug_macro   0x0000fd92      0x19a ./drivers/fsl_lpuart.o
 .debug_macro   0x0000ff2c      0x19a ./drivers/fsl_pit.o
 .debug_macro   0x000100c6      0x199 ./drivers/fsl_sai.o
 .debug_macro   0x0001025f       0x11 ./drivers/fsl_sai.o
 .debug_macro   0x00010270      0x1a0 ./drivers/fsl_uart.o
 .debug_macro   0x00010410      0x1c5 ./board/board.o
 .debug_macro   0x000105d5      0x1a7 ./board/clock_config.o
 .debug_macro   0x0001077c      0x1bf ./board/pin_mux.o

.debug_line     0x00000000     0xaa23
 .debug_line    0x00000000      0x988 ./utilities/fsl_debug_console.o
 .debug_line    0x00000988      0x21a ./utilities/fsl_sbrk.o
 .debug_line    0x00000ba2      0x125 ./startup/startup_MK22F51212.o
 .debug_line    0x00000cc7      0x296 ./startup/system_MK22F51212.o
 .debug_line    0x00000f5d      0x221 ./source/util/util.o
 .debug_line    0x0000117e      0x56a ./source/tasks/tasks.o
 .debug_line    0x000016e8      0x5d2 ./source/hardware/gateTimer.o
 .debug_line    0x00001cba       0x88 ./source/hardware/hardware.o
 .debug_line    0x00001d42      0x50d ./source/main.o
 .debug_line    0x0000224f      0x441 ./freertos/Source/portable/MemMang/heap_4.o
 .debug_line    0x00002690      0x439 ./freertos/Source/portable/GCC/ARM_CM4F/port.o
 .debug_line    0x00002ac9      0x34b ./freertos/Source/list.o
 .debug_line    0x00002e14      0xb2f ./freertos/Source/queue.o
 .debug_line    0x00003943      0xf40 ./freertos/Source/tasks.o
 .debug_line    0x00004883      0x5c6 ./freertos/Source/timers.o
 .debug_line    0x00004e49      0xb3e ./drivers/fsl_clock.o
 .debug_line    0x00005987      0x3aa ./drivers/fsl_common.o
 .debug_line    0x00005d31      0xb35 ./drivers/fsl_dspi.o
 .debug_line    0x00006866      0xa95 ./drivers/fsl_edma.o
 .debug_line    0x000072fb      0x3c5 ./drivers/fsl_gpio.o
 .debug_line    0x000076c0      0xa52 ./drivers/fsl_i2c.o
 .debug_line    0x00008112      0x819 ./drivers/fsl_lpuart.o
 .debug_line    0x0000892b      0x3bf ./drivers/fsl_pit.o
 .debug_line    0x00008cea      0x905 ./drivers/fsl_sai.o
 .debug_line    0x000095ef      0x8b9 ./drivers/fsl_uart.o
 .debug_line    0x00009ea8      0x399 ./board/board.o
 .debug_line    0x0000a241      0x409 ./board/clock_config.o
 .debug_line    0x0000a64a      0x3d9 ./board/pin_mux.o

.debug_str      0x00000000    0x63fc9