13:44:23 **** Build of configuration Debug for project FrequencyCounter ****
make -j2 all 
Building file: ../utilities/fsl_debug_console.c
Building file: ../utilities/fsl_notifier.c
Invoking: Cross ARM C Compiler
arm-none-eabi-gcc -mcpu=cortex-m4 -mthumb -mfloat-abi=hard -mfpu=fpv4-sp-d16 -O0 -fmessage-length=0 -fsigned-char -ffunction-sections -fdata-sections -Wall  -g3 -D"CPU_MK22FN512VDC12" -I../freertos/Source/include -I../startup -I../board -I../utilities -I../freertos/Source/portable/GCC/ARM_CM4F -I../CMSIS -I../source -I../drivers -std=gnu99 -MMD -MP -MF"utilities/fsl_debug_console.d" -MT"utilities/fsl_debug_console.o" -c -o "utilities/fsl_debug_console.o" "../utilities/fsl_debug_console.c"
Invoking: Cross ARM C Compiler
arm-none-eabi-gcc -mcpu=cortex-m4 -mthumb -mfloat-abi=hard -mfpu=fpv4-sp-d16 -O0 -fmessage-length=0 -fsigned-char -ffunction-sections -fdata-sections -Wall  -g3 -D"CPU_MK22FN512VDC12" -I../freertos/Source/include -I../startup -I../board -I../utilities -I../freertos/Source/portable/GCC/ARM_CM4F -I../CMSIS -I../source -I../drivers -std=gnu99 -MMD -MP -MF"utilities/fsl_notifier.d" -MT"utilities/fsl_notifier.o" -c -o "utilities/fsl_notifier.o" "../utilities/fsl_notifier.c"
Finished building: ../utilities/fsl_notifier.c
 
Building file: ../utilities/fsl_sbrk.c
Finished building: ../utilities/fsl_debug_console.c
Invoking: Cross ARM C Compiler
arm-none-eabi-gcc -mcpu=cortex-m4 -mthumb -mfloat-abi=hard -mfpu=fpv4-sp-d16 -O0 -fmessage-length=0 -fsigned-char -ffunction-sections -fdata-sections -Wall  -g3 -D"CPU_MK22FN512VDC12" -I../freertos/Source/include -I../startup -I../board -I../utilities -I../freertos/Source/portable/GCC/ARM_CM4F -I../CMSIS -I../source -I../drivers -std=gnu99 -MMD -MP -MF"utilities/fsl_sbrk.d" -MT"utilities/fsl_sbrk.o" -c -o "utilities/fsl_sbrk.o" "../utilities/fsl_sbrk.c"
 
Building file: ../startup/startup_MK22F51212.S
Invoking: Cross ARM GNU Assembler
arm-none-eabi-gcc -mcpu=cortex-m4 -mthumb -mfloat-abi=hard -mfpu=fpv4-sp-d16 -O0 -fmessage-length=0 -fsigned-char -ffunction-sections -fdata-sections -Wall  -g3 -x assembler-with-cpp -MMD -MP -MF"startup/startup_MK22F51212.d" -MT"startup/startup_MK22F51212.o" -c -o "startup/startup_MK22F51212.o" "../startup/startup_MK22F51212.S"
Finished building: ../startup/startup_MK22F51212.S
 
Building file: ../startup/system_MK22F51212.c
Invoking: Cross ARM C Compiler
arm-none-eabi-gcc -mcpu=cortex-m4 -mthumb -mfloat-abi=hard -mfpu=fpv4-sp-d16 -O0 -fmessage-length=0 -fsigned-char -ffunction-sections -fdata-sections -Wall  -g3 -D"CPU_MK22FN512VDC12" -I../freertos/Source/include -I../startup -I../board -I../utilities -I../freertos/Source/portable/GCC/ARM_CM4F -I../CMSIS -I../source -I../drivers -std=gnu99 -MMD -MP -MF"startup/system_MK22F51212.d" -MT"startup/system_MK22F51212.o" -c -o "startup/system_MK22F51212.o" "../startup/system_MK22F51212.c"
Finished building: ../utilities/fsl_sbrk.c
 
Building file: ../source/util/util.c
Invoking: Cross ARM C Compiler
arm-none-eabi-gcc -mcpu=cortex-m4 -mthumb -mfloat-abi=hard -mfpu=fpv4-sp-d16 -O0 -fmessage-length=0 -fsigned-char -ffunction-sections -fdata-sections -Wall  -g3 -D"CPU_MK22FN512VDC12" -I../freertos/Source/include -I../startup -I../board -I../utilities -I../freertos/Source/portable/GCC/ARM_CM4F -I../CMSIS -I../source -I../drivers -std=gnu99 -MMD -MP -MF"source/util/util.d" -MT"source/util/util.o" -c -o "source/util/util.o" "../source/util/util.c"
Finished building: ../startup/system_MK22F51212.c
 
Building file: ../source/tasks/tasks.c
Invoking: Cross ARM C Compiler
arm-none-eabi-gcc -mcpu=cortex-m4 -mthumb -mfloat-abi=hard -mfpu=fpv4-sp-d16 -O0 -fmessage-length=0 -fsigned-char -ffunction-sections -fdata-sections -Wall  -g3 -D"CPU_MK22FN512VDC12" -I../freertos/Source/include -I../startup -I../board -I../utilities -I../freertos/Source/portable/GCC/ARM_CM4F -I../CMSIS -I../source -I../drivers -std=gnu99 -MMD -MP -MF"source/tasks/tasks.d" -MT"source/tasks/tasks.o" -c -o "source/tasks/tasks.o" "../source/tasks/tasks.c"
Finished building: ../source/util/util.c
 
Building file: ../source/hardware/gateTimer.c
../source/tasks/tasks.c: In function 'updateDisplayCallback':
../source/tasks/tasks.c:47:14: warning: unused variable 'frequency' [-Wunused-variable]
  Frequency_t frequency;
              ^
../source/tasks/tasks.c:46:25: warning: unused variable 'uxNumberOfItems' [-Wunused-variable]
  unsigned portBASE_TYPE uxNumberOfItems;
                         ^
Invoking: Cross ARM C Compiler
arm-none-eabi-gcc -mcpu=cortex-m4 -mthumb -mfloat-abi=hard -mfpu=fpv4-sp-d16 -O0 -fmessage-length=0 -fsigned-char -ffunction-sections -fdata-sections -Wall  -g3 -D"CPU_MK22FN512VDC12" -I../freertos/Source/include -I../startup -I../board -I../utilities -I../freertos/Source/portable/GCC/ARM_CM4F -I../CMSIS -I../source -I../drivers -std=gnu99 -MMD -MP -MF"source/hardware/gateTimer.d" -MT"source/hardware/gateTimer.o" -c -o "source/hardware/gateTimer.o" "../source/hardware/gateTimer.c"
Finished building: ../source/tasks/tasks.c
 
Building file: ../source/hardware/hardware.c
Invoking: Cross ARM C Compiler
arm-none-eabi-gcc -mcpu=cortex-m4 -mthumb -mfloat-abi=hard -mfpu=fpv4-sp-d16 -O0 -fmessage-length=0 -fsigned-char -ffunction-sections -fdata-sections -Wall  -g3 -D"CPU_MK22FN512VDC12" -I../freertos/Source/include -I../startup -I../board -I../utilities -I../freertos/Source/portable/GCC/ARM_CM4F -I../CMSIS -I../source -I../drivers -std=gnu99 -MMD -MP -MF"source/hardware/hardware.d" -MT"source/hardware/hardware.o" -c -o "source/hardware/hardware.o" "../source/hardware/hardware.c"
../source/hardware/gateTimer.c:11:15: warning: 'frequencySamples' defined but not used [-Wunused-variable]
 static float  frequencySamples[NUMBER_OF_SAMPLES_TO_AVG];
               ^
../source/hardware/gateTimer.c:12:21: warning: 'sampleIndex' defined but not used [-Wunused-variable]
 static unsigned int sampleIndex = 0;
                     ^
../source/hardware/gateTimer.c:13:21: warning: 'updateIndex' defined but not used [-Wunused-variable]
 static unsigned int updateIndex = 0;
                     ^
../source/hardware/gateTimer.c:14:20: warning: 'ISRfrequency' defined but not used [-Wunused-variable]
 static Frequency_t ISRfrequency;
                    ^
Finished building: ../source/hardware/hardware.c
 
Building file: ../source/main.c
Invoking: Cross ARM C Compiler
arm-none-eabi-gcc -mcpu=cortex-m4 -mthumb -mfloat-abi=hard -mfpu=fpv4-sp-d16 -O0 -fmessage-length=0 -fsigned-char -ffunction-sections -fdata-sections -Wall  -g3 -D"CPU_MK22FN512VDC12" -I../freertos/Source/include -I../startup -I../board -I../utilities -I../freertos/Source/portable/GCC/ARM_CM4F -I../CMSIS -I../source -I../drivers -std=gnu99 -MMD -MP -MF"source/main.d" -MT"source/main.o" -c -o "source/main.o" "../source/main.c"
Finished building: ../source/hardware/gateTimer.c
 
Building file: ../freertos/Source/portable/MemMang/heap_4.c
Invoking: Cross ARM C Compiler
arm-none-eabi-gcc -mcpu=cortex-m4 -mthumb -mfloat-abi=hard -mfpu=fpv4-sp-d16 -O0 -fmessage-length=0 -fsigned-char -ffunction-sections -fdata-sections -Wall  -g3 -D"CPU_MK22FN512VDC12" -I../freertos/Source/include -I../startup -I../board -I../utilities -I../freertos/Source/portable/GCC/ARM_CM4F -I../CMSIS -I../source -I../drivers -std=gnu99 -MMD -MP -MF"freertos/Source/portable/MemMang/heap_4.d" -MT"freertos/Source/portable/MemMang/heap_4.o" -c -o "freertos/Source/portable/MemMang/heap_4.o" "../freertos/Source/portable/MemMang/heap_4.c"
Finished building: ../source/main.c
 
Finished building: ../freertos/Source/portable/MemMang/heap_4.c
Building file: ../freertos/Source/portable/GCC/ARM_CM4F/port.c
 
Invoking: Cross ARM C Compiler
arm-none-eabi-gcc -mcpu=cortex-m4 -mthumb -mfloat-abi=hard -mfpu=fpv4-sp-d16 -O0 -fmessage-length=0 -fsigned-char -ffunction-sections -fdata-sections -Wall  -g3 -D"CPU_MK22FN512VDC12" -I../freertos/Source/include -I../startup -I../board -I../utilities -I../freertos/Source/portable/GCC/ARM_CM4F -I../CMSIS -I../source -I../drivers -std=gnu99 -MMD -MP -MF"freertos/Source/portable/GCC/ARM_CM4F/port.d" -MT"freertos/Source/portable/GCC/ARM_CM4F/port.o" -c -o "freertos/Source/portable/GCC/ARM_CM4F/port.o" "../freertos/Source/portable/GCC/ARM_CM4F/port.c"
Building file: ../freertos/Source/croutine.c
Invoking: Cross ARM C Compiler
arm-none-eabi-gcc -mcpu=cortex-m4 -mthumb -mfloat-abi=hard -mfpu=fpv4-sp-d16 -O0 -fmessage-length=0 -fsigned-char -ffunction-sections -fdata-sections -Wall  -g3 -D"CPU_MK22FN512VDC12" -I../freertos/Source/include -I../startup -I../board -I../utilities -I../freertos/Source/portable/GCC/ARM_CM4F -I../CMSIS -I../source -I../drivers -std=gnu99 -MMD -MP -MF"freertos/Source/croutine.d" -MT"freertos/Source/croutine.o" -c -o "freertos/Source/croutine.o" "../freertos/Source/croutine.c"
Finished building: ../freertos/Source/portable/GCC/ARM_CM4F/port.c
 
Building file: ../freertos/Source/event_groups.c
Invoking: Cross ARM C Compiler
arm-none-eabi-gcc -mcpu=cortex-m4 -mthumb -mfloat-abi=hard -mfpu=fpv4-sp-d16 -O0 -fmessage-length=0 -fsigned-char -ffunction-sections -fdata-sections -Wall  -g3 -D"CPU_MK22FN512VDC12" -I../freertos/Source/include -I../startup -I../board -I../utilities -I../freertos/Source/portable/GCC/ARM_CM4F -I../CMSIS -I../source -I../drivers -std=gnu99 -MMD -MP -MF"freertos/Source/event_groups.d" -MT"freertos/Source/event_groups.o" -c -o "freertos/Source/event_groups.o" "../freertos/Source/event_groups.c"
Finished building: ../freertos/Source/croutine.c
 
Building file: ../freertos/Source/list.c
Invoking: Cross ARM C Compiler
arm-none-eabi-gcc -mcpu=cortex-m4 -mthumb -mfloat-abi=hard -mfpu=fpv4-sp-d16 -O0 -fmessage-length=0 -fsigned-char -ffunction-sections -fdata-sections -Wall  -g3 -D"CPU_MK22FN512VDC12" -I../freertos/Source/include -I../startup -I../board -I../utilities -I../freertos/Source/portable/GCC/ARM_CM4F -I../CMSIS -I../source -I../drivers -std=gnu99 -MMD -MP -MF"freertos/Source/list.d" -MT"freertos/Source/list.o" -c -o "freertos/Source/list.o" "../freertos/Source/list.c"
Finished building: ../freertos/Source/event_groups.c
 
Finished building: ../freertos/Source/list.c
 
Building file: ../freertos/Source/queue.c
Invoking: Cross ARM C Compiler
arm-none-eabi-gcc -mcpu=cortex-m4 -mthumb -mfloat-abi=hard -mfpu=fpv4-sp-d16 -O0 -fmessage-length=0 -fsigned-char -ffunction-sections -fdata-sections -Wall  -g3 -D"CPU_MK22FN512VDC12" -I../freertos/Source/include -I../startup -I../board -I../utilities -I../freertos/Source/portable/GCC/ARM_CM4F -I../CMSIS -I../source -I../drivers -std=gnu99 -MMD -MP -MF"freertos/Source/queue.d" -MT"freertos/Source/queue.o" -c -o "freertos/Source/queue.o" "../freertos/Source/queue.c"
Building file: ../freertos/Source/tasks.c
Invoking: Cross ARM C Compiler
arm-none-eabi-gcc -mcpu=cortex-m4 -mthumb -mfloat-abi=hard -mfpu=fpv4-sp-d16 -O0 -fmessage-length=0 -fsigned-char -ffunction-sections -fdata-sections -Wall  -g3 -D"CPU_MK22FN512VDC12" -I../freertos/Source/include -I../startup -I../board -I../utilities -I../freertos/Source/portable/GCC/ARM_CM4F -I../CMSIS -I../source -I../drivers -std=gnu99 -MMD -MP -MF"freertos/Source/tasks.d" -MT"freertos/Source/tasks.o" -c -o "freertos/Source/tasks.o" "../freertos/Source/tasks.c"
Finished building: ../freertos/Source/queue.c
 
Building file: ../freertos/Source/timers.c
Invoking: Cross ARM C Compiler
arm-none-eabi-gcc -mcpu=cortex-m4 -mthumb -mfloat-abi=hard -mfpu=fpv4-sp-d16 -O0 -fmessage-length=0 -fsigned-char -ffunction-sections -fdata-sections -Wall  -g3 -D"CPU_MK22FN512VDC12" -I../freertos/Source/include -I../startup -I../board -I../utilities -I../freertos/Source/portable/GCC/ARM_CM4F -I../CMSIS -I../source -I../drivers -std=gnu99 -MMD -MP -MF"freertos/Source/timers.d" -MT"freertos/Source/timers.o" -c -o "freertos/Source/timers.o" "../freertos/Source/timers.c"
Finished building: ../freertos/Source/timers.c
 
Building file: ../drivers/fsl_adc16.c
Invoking: Cross ARM C Compiler
arm-none-eabi-gcc -mcpu=cortex-m4 -mthumb -mfloat-abi=hard -mfpu=fpv4-sp-d16 -O0 -fmessage-length=0 -fsigned-char -ffunction-sections -fdata-sections -Wall  -g3 -D"CPU_MK22FN512VDC12" -I../freertos/Source/include -I../startup -I../board -I../utilities -I../freertos/Source/portable/GCC/ARM_CM4F -I../CMSIS -I../source -I../drivers -std=gnu99 -MMD -MP -MF"drivers/fsl_adc16.d" -MT"drivers/fsl_adc16.o" -c -o "drivers/fsl_adc16.o" "../drivers/fsl_adc16.c"
Finished building: ../freertos/Source/tasks.c
 
Building file: ../drivers/fsl_clock.c
Invoking: Cross ARM C Compiler
arm-none-eabi-gcc -mcpu=cortex-m4 -mthumb -mfloat-abi=hard -mfpu=fpv4-sp-d16 -O0 -fmessage-length=0 -fsigned-char -ffunction-sections -fdata-sections -Wall  -g3 -D"CPU_MK22FN512VDC12" -I../freertos/Source/include -I../startup -I../board -I../utilities -I../freertos/Source/portable/GCC/ARM_CM4F -I../CMSIS -I../source -I../drivers -std=gnu99 -MMD -MP -MF"drivers/fsl_clock.d" -MT"drivers/fsl_clock.o" -c -o "drivers/fsl_clock.o" "../drivers/fsl_clock.c"
Finished building: ../drivers/fsl_adc16.c
 
Building file: ../drivers/fsl_cmp.c
Invoking: Cross ARM C Compiler
arm-none-eabi-gcc -mcpu=cortex-m4 -mthumb -mfloat-abi=hard -mfpu=fpv4-sp-d16 -O0 -fmessage-length=0 -fsigned-char -ffunction-sections -fdata-sections -Wall  -g3 -D"CPU_MK22FN512VDC12" -I../freertos/Source/include -I../startup -I../board -I../utilities -I../freertos/Source/portable/GCC/ARM_CM4F -I../CMSIS -I../source -I../drivers -std=gnu99 -MMD -MP -MF"drivers/fsl_cmp.d" -MT"drivers/fsl_cmp.o" -c -o "drivers/fsl_cmp.o" "../drivers/fsl_cmp.c"
Finished building: ../drivers/fsl_cmp.c
 
Building file: ../drivers/fsl_common.c
Finished building: ../drivers/fsl_clock.c
Invoking: Cross ARM C Compiler
arm-none-eabi-gcc -mcpu=cortex-m4 -mthumb -mfloat-abi=hard -mfpu=fpv4-sp-d16 -O0 -fmessage-length=0 -fsigned-char -ffunction-sections -fdata-sections -Wall  -g3 -D"CPU_MK22FN512VDC12" -I../freertos/Source/include -I../startup -I../board -I../utilities -I../freertos/Source/portable/GCC/ARM_CM4F -I../CMSIS -I../source -I../drivers -std=gnu99 -MMD -MP -MF"drivers/fsl_common.d" -MT"drivers/fsl_common.o" -c -o "drivers/fsl_common.o" "../drivers/fsl_common.c"
 
Building file: ../drivers/fsl_crc.c
Invoking: Cross ARM C Compiler
arm-none-eabi-gcc -mcpu=cortex-m4 -mthumb -mfloat-abi=hard -mfpu=fpv4-sp-d16 -O0 -fmessage-length=0 -fsigned-char -ffunction-sections -fdata-sections -Wall  -g3 -D"CPU_MK22FN512VDC12" -I../freertos/Source/include -I../startup -I../board -I../utilities -I../freertos/Source/portable/GCC/ARM_CM4F -I../CMSIS -I../source -I../drivers -std=gnu99 -MMD -MP -MF"drivers/fsl_crc.d" -MT"drivers/fsl_crc.o" -c -o "drivers/fsl_crc.o" "../drivers/fsl_crc.c"
Finished building: ../drivers/fsl_common.c
 
Building file: ../drivers/fsl_dac.c
Invoking: Cross ARM C Compiler
arm-none-eabi-gcc -mcpu=cortex-m4 -mthumb -mfloat-abi=hard -mfpu=fpv4-sp-d16 -O0 -fmessage-length=0 -fsigned-char -ffunction-sections -fdata-sections -Wall  -g3 -D"CPU_MK22FN512VDC12" -I../freertos/Source/include -I../startup -I../board -I../utilities -I../freertos/Source/portable/GCC/ARM_CM4F -I../CMSIS -I../source -I../drivers -std=gnu99 -MMD -MP -MF"drivers/fsl_dac.d" -MT"drivers/fsl_dac.o" -c -o "drivers/fsl_dac.o" "../drivers/fsl_dac.c"
Finished building: ../drivers/fsl_crc.c
 
Building file: ../drivers/fsl_dmamux.c
Invoking: Cross ARM C Compiler
arm-none-eabi-gcc -mcpu=cortex-m4 -mthumb -mfloat-abi=hard -mfpu=fpv4-sp-d16 -O0 -fmessage-length=0 -fsigned-char -ffunction-sections -fdata-sections -Wall  -g3 -D"CPU_MK22FN512VDC12" -I../freertos/Source/include -I../startup -I../board -I../utilities -I../freertos/Source/portable/GCC/ARM_CM4F -I../CMSIS -I../source -I../drivers -std=gnu99 -MMD -MP -MF"drivers/fsl_dmamux.d" -MT"drivers/fsl_dmamux.o" -c -o "drivers/fsl_dmamux.o" "../drivers/fsl_dmamux.c"
Finished building: ../drivers/fsl_dac.c
 
Building file: ../drivers/fsl_dspi.c
Invoking: Cross ARM C Compiler
arm-none-eabi-gcc -mcpu=cortex-m4 -mthumb -mfloat-abi=hard -mfpu=fpv4-sp-d16 -O0 -fmessage-length=0 -fsigned-char -ffunction-sections -fdata-sections -Wall  -g3 -D"CPU_MK22FN512VDC12" -I../freertos/Source/include -I../startup -I../board -I../utilities -I../freertos/Source/portable/GCC/ARM_CM4F -I../CMSIS -I../source -I../drivers -std=gnu99 -MMD -MP -MF"drivers/fsl_dspi.d" -MT"drivers/fsl_dspi.o" -c -o "drivers/fsl_dspi.o" "../drivers/fsl_dspi.c"
Finished building: ../drivers/fsl_dmamux.c
 
Building file: ../drivers/fsl_dspi_edma.c
Invoking: Cross ARM C Compiler
arm-none-eabi-gcc -mcpu=cortex-m4 -mthumb -mfloat-abi=hard -mfpu=fpv4-sp-d16 -O0 -fmessage-length=0 -fsigned-char -ffunction-sections -fdata-sections -Wall  -g3 -D"CPU_MK22FN512VDC12" -I../freertos/Source/include -I../startup -I../board -I../utilities -I../freertos/Source/portable/GCC/ARM_CM4F -I../CMSIS -I../source -I../drivers -std=gnu99 -MMD -MP -MF"drivers/fsl_dspi_edma.d" -MT"drivers/fsl_dspi_edma.o" -c -o "drivers/fsl_dspi_edma.o" "../drivers/fsl_dspi_edma.c"
Finished building: ../drivers/fsl_dspi_edma.c
 
Building file: ../drivers/fsl_dspi_freertos.c
Invoking: Cross ARM C Compiler
arm-none-eabi-gcc -mcpu=cortex-m4 -mthumb -mfloat-abi=hard -mfpu=fpv4-sp-d16 -O0 -fmessage-length=0 -fsigned-char -ffunction-sections -fdata-sections -Wall  -g3 -D"CPU_MK22FN512VDC12" -I../freertos/Source/include -I../startup -I../board -I../utilities -I../freertos/Source/portable/GCC/ARM_CM4F -I../CMSIS -I../source -I../drivers -std=gnu99 -MMD -MP -MF"drivers/fsl_dspi_freertos.d" -MT"drivers/fsl_dspi_freertos.o" -c -o "drivers/fsl_dspi_freertos.o" "../drivers/fsl_dspi_freertos.c"
Finished building: ../drivers/fsl_dspi.c
 
Building file: ../drivers/fsl_edma.c
Invoking: Cross ARM C Compiler
arm-none-eabi-gcc -mcpu=cortex-m4 -mthumb -mfloat-abi=hard -mfpu=fpv4-sp-d16 -O0 -fmessage-length=0 -fsigned-char -ffunction-sections -fdata-sections -Wall  -g3 -D"CPU_MK22FN512VDC12" -I../freertos/Source/include -I../startup -I../board -I../utilities -I../freertos/Source/portable/GCC/ARM_CM4F -I../CMSIS -I../source -I../drivers -std=gnu99 -MMD -MP -MF"drivers/fsl_edma.d" -MT"drivers/fsl_edma.o" -c -o "drivers/fsl_edma.o" "../drivers/fsl_edma.c"
Finished building: ../drivers/fsl_dspi_freertos.c
 
Building file: ../drivers/fsl_ewm.c
Invoking: Cross ARM C Compiler
arm-none-eabi-gcc -mcpu=cortex-m4 -mthumb -mfloat-abi=hard -mfpu=fpv4-sp-d16 -O0 -fmessage-length=0 -fsigned-char -ffunction-sections -fdata-sections -Wall  -g3 -D"CPU_MK22FN512VDC12" -I../freertos/Source/include -I../startup -I../board -I../utilities -I../freertos/Source/portable/GCC/ARM_CM4F -I../CMSIS -I../source -I../drivers -std=gnu99 -MMD -MP -MF"drivers/fsl_ewm.d" -MT"drivers/fsl_ewm.o" -c -o "drivers/fsl_ewm.o" "../drivers/fsl_ewm.c"
Finished building: ../drivers/fsl_edma.c
 
Building file: ../drivers/fsl_flash.c
Invoking: Cross ARM C Compiler
arm-none-eabi-gcc -mcpu=cortex-m4 -mthumb -mfloat-abi=hard -mfpu=fpv4-sp-d16 -O0 -fmessage-length=0 -fsigned-char -ffunction-sections -fdata-sections -Wall  -g3 -D"CPU_MK22FN512VDC12" -I../freertos/Source/include -I../startup -I../board -I../utilities -I../freertos/Source/portable/GCC/ARM_CM4F -I../CMSIS -I../source -I../drivers -std=gnu99 -MMD -MP -MF"drivers/fsl_flash.d" -MT"drivers/fsl_flash.o" -c -o "drivers/fsl_flash.o" "../drivers/fsl_flash.c"
Finished building: ../drivers/fsl_ewm.c
 
Building file: ../drivers/fsl_flexbus.c
Invoking: Cross ARM C Compiler
arm-none-eabi-gcc -mcpu=cortex-m4 -mthumb -mfloat-abi=hard -mfpu=fpv4-sp-d16 -O0 -fmessage-length=0 -fsigned-char -ffunction-sections -fdata-sections -Wall  -g3 -D"CPU_MK22FN512VDC12" -I../freertos/Source/include -I../startup -I../board -I../utilities -I../freertos/Source/portable/GCC/ARM_CM4F -I../CMSIS -I../source -I../drivers -std=gnu99 -MMD -MP -MF"drivers/fsl_flexbus.d" -MT"drivers/fsl_flexbus.o" -c -o "drivers/fsl_flexbus.o" "../drivers/fsl_flexbus.c"
Finished building: ../drivers/fsl_flexbus.c
 
Building file: ../drivers/fsl_ftm.c
Finished building: ../drivers/fsl_flash.c
 
Building file: ../drivers/fsl_gpio.c
Invoking: Cross ARM C Compiler
arm-none-eabi-gcc -mcpu=cortex-m4 -mthumb -mfloat-abi=hard -mfpu=fpv4-sp-d16 -O0 -fmessage-length=0 -fsigned-char -ffunction-sections -fdata-sections -Wall  -g3 -D"CPU_MK22FN512VDC12" -I../freertos/Source/include -I../startup -I../board -I../utilities -I../freertos/Source/portable/GCC/ARM_CM4F -I../CMSIS -I../source -I../drivers -std=gnu99 -MMD -MP -MF"drivers/fsl_ftm.d" -MT"drivers/fsl_ftm.o" -c -o "drivers/fsl_ftm.o" "../drivers/fsl_ftm.c"
Invoking: Cross ARM C Compiler
arm-none-eabi-gcc -mcpu=cortex-m4 -mthumb -mfloat-abi=hard -mfpu=fpv4-sp-d16 -O0 -fmessage-length=0 -fsigned-char -ffunction-sections -fdata-sections -Wall  -g3 -D"CPU_MK22FN512VDC12" -I../freertos/Source/include -I../startup -I../board -I../utilities -I../freertos/Source/portable/GCC/ARM_CM4F -I../CMSIS -I../source -I../drivers -std=gnu99 -MMD -MP -MF"drivers/fsl_gpio.d" -MT"drivers/fsl_gpio.o" -c -o "drivers/fsl_gpio.o" "../drivers/fsl_gpio.c"
Finished building: ../drivers/fsl_gpio.c
 
Building file: ../drivers/fsl_i2c.c
Invoking: Cross ARM C Compiler
arm-none-eabi-gcc -mcpu=cortex-m4 -mthumb -mfloat-abi=hard -mfpu=fpv4-sp-d16 -O0 -fmessage-length=0 -fsigned-char -ffunction-sections -fdata-sections -Wall  -g3 -D"CPU_MK22FN512VDC12" -I../freertos/Source/include -I../startup -I../board -I../utilities -I../freertos/Source/portable/GCC/ARM_CM4F -I../CMSIS -I../source -I../drivers -std=gnu99 -MMD -MP -MF"drivers/fsl_i2c.d" -MT"drivers/fsl_i2c.o" -c -o "drivers/fsl_i2c.o" "../drivers/fsl_i2c.c"
Finished building: ../drivers/fsl_ftm.c
 
Building file: ../drivers/fsl_i2c_edma.c
Invoking: Cross ARM C Compiler
arm-none-eabi-gcc -mcpu=cortex-m4 -mthumb -mfloat-abi=hard -mfpu=fpv4-sp-d16 -O0 -fmessage-length=0 -fsigned-char -ffunction-sections -fdata-sections -Wall  -g3 -D"CPU_MK22FN512VDC12" -I../freertos/Source/include -I../startup -I../board -I../utilities -I../freertos/Source/portable/GCC/ARM_CM4F -I../CMSIS -I../source -I../drivers -std=gnu99 -MMD -MP -MF"drivers/fsl_i2c_edma.d" -MT"drivers/fsl_i2c_edma.o" -c -o "drivers/fsl_i2c_edma.o" "../drivers/fsl_i2c_edma.c"
Finished building: ../drivers/fsl_i2c.c
 
Building file: ../drivers/fsl_i2c_freertos.c
Invoking: Cross ARM C Compiler
arm-none-eabi-gcc -mcpu=cortex-m4 -mthumb -mfloat-abi=hard -mfpu=fpv4-sp-d16 -O0 -fmessage-length=0 -fsigned-char -ffunction-sections -fdata-sections -Wall  -g3 -D"CPU_MK22FN512VDC12" -I../freertos/Source/include -I../startup -I../board -I../utilities -I../freertos/Source/portable/GCC/ARM_CM4F -I../CMSIS -I../source -I../drivers -std=gnu99 -MMD -MP -MF"drivers/fsl_i2c_freertos.d" -MT"drivers/fsl_i2c_freertos.o" -c -o "drivers/fsl_i2c_freertos.o" "../drivers/fsl_i2c_freertos.c"
Finished building: ../drivers/fsl_i2c_edma.c
 
Building file: ../drivers/fsl_llwu.c
Invoking: Cross ARM C Compiler
arm-none-eabi-gcc -mcpu=cortex-m4 -mthumb -mfloat-abi=hard -mfpu=fpv4-sp-d16 -O0 -fmessage-length=0 -fsigned-char -ffunction-sections -fdata-sections -Wall  -g3 -D"CPU_MK22FN512VDC12" -I../freertos/Source/include -I../startup -I../board -I../utilities -I../freertos/Source/portable/GCC/ARM_CM4F -I../CMSIS -I../source -I../drivers -std=gnu99 -MMD -MP -MF"drivers/fsl_llwu.d" -MT"drivers/fsl_llwu.o" -c -o "drivers/fsl_llwu.o" "../drivers/fsl_llwu.c"
Finished building: ../drivers/fsl_i2c_freertos.c
 
Building file: ../drivers/fsl_lptmr.c
Invoking: Cross ARM C Compiler
arm-none-eabi-gcc -mcpu=cortex-m4 -mthumb -mfloat-abi=hard -mfpu=fpv4-sp-d16 -O0 -fmessage-length=0 -fsigned-char -ffunction-sections -fdata-sections -Wall  -g3 -D"CPU_MK22FN512VDC12" -I../freertos/Source/include -I../startup -I../board -I../utilities -I../freertos/Source/portable/GCC/ARM_CM4F -I../CMSIS -I../source -I../drivers -std=gnu99 -MMD -MP -MF"drivers/fsl_lptmr.d" -MT"drivers/fsl_lptmr.o" -c -o "drivers/fsl_lptmr.o" "../drivers/fsl_lptmr.c"
Finished building: ../drivers/fsl_llwu.c
 
Building file: ../drivers/fsl_lpuart.c
Invoking: Cross ARM C Compiler
arm-none-eabi-gcc -mcpu=cortex-m4 -mthumb -mfloat-abi=hard -mfpu=fpv4-sp-d16 -O0 -fmessage-length=0 -fsigned-char -ffunction-sections -fdata-sections -Wall  -g3 -D"CPU_MK22FN512VDC12" -I../freertos/Source/include -I../startup -I../board -I../utilities -I../freertos/Source/portable/GCC/ARM_CM4F -I../CMSIS -I../source -I../drivers -std=gnu99 -MMD -MP -MF"drivers/fsl_lpuart.d" -MT"drivers/fsl_lpuart.o" -c -o "drivers/fsl_lpuart.o" "../drivers/fsl_lpuart.c"
Finished building: ../drivers/fsl_lptmr.c
 
Building file: ../drivers/fsl_lpuart_edma.c
Invoking: Cross ARM C Compiler
arm-none-eabi-gcc -mcpu=cortex-m4 -mthumb -mfloat-abi=hard -mfpu=fpv4-sp-d16 -O0 -fmessage-length=0 -fsigned-char -ffunction-sections -fdata-sections -Wall  -g3 -D"CPU_MK22FN512VDC12" -I../freertos/Source/include -I../startup -I../board -I../utilities -I../freertos/Source/portable/GCC/ARM_CM4F -I../CMSIS -I../source -I../drivers -std=gnu99 -MMD -MP -MF"drivers/fsl_lpuart_edma.d" -MT"drivers/fsl_lpuart_edma.o" -c -o "drivers/fsl_lpuart_edma.o" "../drivers/fsl_lpuart_edma.c"
Finished building: ../drivers/fsl_lpuart_edma.c
 
Building file: ../drivers/fsl_lpuart_freertos.c
Invoking: Cross ARM C Compiler
arm-none-eabi-gcc -mcpu=cortex-m4 -mthumb -mfloat-abi=hard -mfpu=fpv4-sp-d16 -O0 -fmessage-length=0 -fsigned-char -ffunction-sections -fdata-sections -Wall  -g3 -D"CPU_MK22FN512VDC12" -I../freertos/Source/include -I../startup -I../board -I../utilities -I../freertos/Source/portable/GCC/ARM_CM4F -I../CMSIS -I../source -I../drivers -std=gnu99 -MMD -MP -MF"drivers/fsl_lpuart_freertos.d" -MT"drivers/fsl_lpuart_freertos.o" -c -o "drivers/fsl_lpuart_freertos.o" "../drivers/fsl_lpuart_freertos.c"
Finished building: ../drivers/fsl_lpuart.c
 
Building file: ../drivers/fsl_pdb.c
Invoking: Cross ARM C Compiler
arm-none-eabi-gcc -mcpu=cortex-m4 -mthumb -mfloat-abi=hard -mfpu=fpv4-sp-d16 -O0 -fmessage-length=0 -fsigned-char -ffunction-sections -fdata-sections -Wall  -g3 -D"CPU_MK22FN512VDC12" -I../freertos/Source/include -I../startup -I../board -I../utilities -I../freertos/Source/portable/GCC/ARM_CM4F -I../CMSIS -I../source -I../drivers -std=gnu99 -MMD -MP -MF"drivers/fsl_pdb.d" -MT"drivers/fsl_pdb.o" -c -o "drivers/fsl_pdb.o" "../drivers/fsl_pdb.c"
Finished building: ../drivers/fsl_lpuart_freertos.c
 
Building file: ../drivers/fsl_pit.c
Invoking: Cross ARM C Compiler
arm-none-eabi-gcc -mcpu=cortex-m4 -mthumb -mfloat-abi=hard -mfpu=fpv4-sp-d16 -O0 -fmessage-length=0 -fsigned-char -ffunction-sections -fdata-sections -Wall  -g3 -D"CPU_MK22FN512VDC12" -I../freertos/Source/include -I../startup -I../board -I../utilities -I../freertos/Source/portable/GCC/ARM_CM4F -I../CMSIS -I../source -I../drivers -std=gnu99 -MMD -MP -MF"drivers/fsl_pit.d" -MT"drivers/fsl_pit.o" -c -o "drivers/fsl_pit.o" "../drivers/fsl_pit.c"
Finished building: ../drivers/fsl_pdb.c
 
Building file: ../drivers/fsl_pmc.c
Invoking: Cross ARM C Compiler
arm-none-eabi-gcc -mcpu=cortex-m4 -mthumb -mfloat-abi=hard -mfpu=fpv4-sp-d16 -O0 -fmessage-length=0 -fsigned-char -ffunction-sections -fdata-sections -Wall  -g3 -D"CPU_MK22FN512VDC12" -I../freertos/Source/include -I../startup -I../board -I../utilities -I../freertos/Source/portable/GCC/ARM_CM4F -I../CMSIS -I../source -I../drivers -std=gnu99 -MMD -MP -MF"drivers/fsl_pmc.d" -MT"drivers/fsl_pmc.o" -c -o "drivers/fsl_pmc.o" "../drivers/fsl_pmc.c"
Finished building: ../drivers/fsl_pit.c
 
Building file: ../drivers/fsl_rcm.c
Invoking: Cross ARM C Compiler
arm-none-eabi-gcc -mcpu=cortex-m4 -mthumb -mfloat-abi=hard -mfpu=fpv4-sp-d16 -O0 -fmessage-length=0 -fsigned-char -ffunction-sections -fdata-sections -Wall  -g3 -D"CPU_MK22FN512VDC12" -I../freertos/Source/include -I../startup -I../board -I../utilities -I../freertos/Source/portable/GCC/ARM_CM4F -I../CMSIS -I../source -I../drivers -std=gnu99 -MMD -MP -MF"drivers/fsl_rcm.d" -MT"drivers/fsl_rcm.o" -c -o "drivers/fsl_rcm.o" "../drivers/fsl_rcm.c"
Finished building: ../drivers/fsl_rcm.c
 
Building file: ../drivers/fsl_rnga.c
Invoking: Cross ARM C Compiler
arm-none-eabi-gcc -mcpu=cortex-m4 -mthumb -mfloat-abi=hard -mfpu=fpv4-sp-d16 -O0 -fmessage-length=0 -fsigned-char -ffunction-sections -fdata-sections -Wall  -g3 -D"CPU_MK22FN512VDC12" -I../freertos/Source/include -I../startup -I../board -I../utilities -I../freertos/Source/portable/GCC/ARM_CM4F -I../CMSIS -I../source -I../drivers -std=gnu99 -MMD -MP -MF"drivers/fsl_rnga.d" -MT"drivers/fsl_rnga.o" -c -o "drivers/fsl_rnga.o" "../drivers/fsl_rnga.c"
Finished building: ../drivers/fsl_pmc.c
 
Building file: ../drivers/fsl_rtc.c
Invoking: Cross ARM C Compiler
arm-none-eabi-gcc -mcpu=cortex-m4 -mthumb -mfloat-abi=hard -mfpu=fpv4-sp-d16 -O0 -fmessage-length=0 -fsigned-char -ffunction-sections -fdata-sections -Wall  -g3 -D"CPU_MK22FN512VDC12" -I../freertos/Source/include -I../startup -I../board -I../utilities -I../freertos/Source/portable/GCC/ARM_CM4F -I../CMSIS -I../source -I../drivers -std=gnu99 -MMD -MP -MF"drivers/fsl_rtc.d" -MT"drivers/fsl_rtc.o" -c -o "drivers/fsl_rtc.o" "../drivers/fsl_rtc.c"
Finished building: ../drivers/fsl_rnga.c
 
Finished building: ../drivers/fsl_rtc.c
Building file: ../drivers/fsl_sai.c
 
Invoking: Cross ARM C Compiler
arm-none-eabi-gcc -mcpu=cortex-m4 -mthumb -mfloat-abi=hard -mfpu=fpv4-sp-d16 -O0 -fmessage-length=0 -fsigned-char -ffunction-sections -fdata-sections -Wall  -g3 -D"CPU_MK22FN512VDC12" -I../freertos/Source/include -I../startup -I../board -I../utilities -I../freertos/Source/portable/GCC/ARM_CM4F -I../CMSIS -I../source -I../drivers -std=gnu99 -MMD -MP -MF"drivers/fsl_sai.d" -MT"drivers/fsl_sai.o" -c -o "drivers/fsl_sai.o" "../drivers/fsl_sai.c"
Building file: ../drivers/fsl_sai_edma.c
Invoking: Cross ARM C Compiler
arm-none-eabi-gcc -mcpu=cortex-m4 -mthumb -mfloat-abi=hard -mfpu=fpv4-sp-d16 -O0 -fmessage-length=0 -fsigned-char -ffunction-sections -fdata-sections -Wall  -g3 -D"CPU_MK22FN512VDC12" -I../freertos/Source/include -I../startup -I../board -I../utilities -I../freertos/Source/portable/GCC/ARM_CM4F -I../CMSIS -I../source -I../drivers -std=gnu99 -MMD -MP -MF"drivers/fsl_sai_edma.d" -MT"drivers/fsl_sai_edma.o" -c -o "drivers/fsl_sai_edma.o" "../drivers/fsl_sai_edma.c"
Finished building: ../drivers/fsl_sai_edma.c
Finished building: ../drivers/fsl_sai.c
 
 
Building file: ../drivers/fsl_sim.c
Building file: ../drivers/fsl_smc.c
Invoking: Cross ARM C Compiler
arm-none-eabi-gcc -mcpu=cortex-m4 -mthumb -mfloat-abi=hard -mfpu=fpv4-sp-d16 -O0 -fmessage-length=0 -fsigned-char -ffunction-sections -fdata-sections -Wall  -g3 -D"CPU_MK22FN512VDC12" -I../freertos/Source/include -I../startup -I../board -I../utilities -I../freertos/Source/portable/GCC/ARM_CM4F -I../CMSIS -I../source -I../drivers -std=gnu99 -MMD -MP -MF"drivers/fsl_sim.d" -MT"drivers/fsl_sim.o" -c -o "drivers/fsl_sim.o" "../drivers/fsl_sim.c"
Invoking: Cross ARM C Compiler
arm-none-eabi-gcc -mcpu=cortex-m4 -mthumb -mfloat-abi=hard -mfpu=fpv4-sp-d16 -O0 -fmessage-length=0 -fsigned-char -ffunction-sections -fdata-sections -Wall  -g3 -D"CPU_MK22FN512VDC12" -I../freertos/Source/include -I../startup -I../board -I../utilities -I../freertos/Source/portable/GCC/ARM_CM4F -I../CMSIS -I../source -I../drivers -std=gnu99 -MMD -MP -MF"drivers/fsl_smc.d" -MT"drivers/fsl_smc.o" -c -o "drivers/fsl_smc.o" "../drivers/fsl_smc.c"
Finished building: ../drivers/fsl_sim.c
 
Building file: ../drivers/fsl_uart.c
Invoking: Cross ARM C Compiler
arm-none-eabi-gcc -mcpu=cortex-m4 -mthumb -mfloat-abi=hard -mfpu=fpv4-sp-d16 -O0 -fmessage-length=0 -fsigned-char -ffunction-sections -fdata-sections -Wall  -g3 -D"CPU_MK22FN512VDC12" -I../freertos/Source/include -I../startup -I../board -I../utilities -I../freertos/Source/portable/GCC/ARM_CM4F -I../CMSIS -I../source -I../drivers -std=gnu99 -MMD -MP -MF"drivers/fsl_uart.d" -MT"drivers/fsl_uart.o" -c -o "drivers/fsl_uart.o" "../drivers/fsl_uart.c"
Finished building: ../drivers/fsl_smc.c
 
Building file: ../drivers/fsl_uart_edma.c
Invoking: Cross ARM C Compiler
arm-none-eabi-gcc -mcpu=cortex-m4 -mthumb -mfloat-abi=hard -mfpu=fpv4-sp-d16 -O0 -fmessage-length=0 -fsigned-char -ffunction-sections -fdata-sections -Wall  -g3 -D"CPU_MK22FN512VDC12" -I../freertos/Source/include -I../startup -I../board -I../utilities -I../freertos/Source/portable/GCC/ARM_CM4F -I../CMSIS -I../source -I../drivers -std=gnu99 -MMD -MP -MF"drivers/fsl_uart_edma.d" -MT"drivers/fsl_uart_edma.o" -c -o "drivers/fsl_uart_edma.o" "../drivers/fsl_uart_edma.c"
Finished building: ../drivers/fsl_uart.c
 
Building file: ../drivers/fsl_uart_freertos.c
Invoking: Cross ARM C Compiler
arm-none-eabi-gcc -mcpu=cortex-m4 -mthumb -mfloat-abi=hard -mfpu=fpv4-sp-d16 -O0 -fmessage-length=0 -fsigned-char -ffunction-sections -fdata-sections -Wall  -g3 -D"CPU_MK22FN512VDC12" -I../freertos/Source/include -I../startup -I../board -I../utilities -I../freertos/Source/portable/GCC/ARM_CM4F -I../CMSIS -I../source -I../drivers -std=gnu99 -MMD -MP -MF"drivers/fsl_uart_freertos.d" -MT"drivers/fsl_uart_freertos.o" -c -o "drivers/fsl_uart_freertos.o" "../drivers/fsl_uart_freertos.c"
Finished building: ../drivers/fsl_uart_edma.c
 
Building file: ../drivers/fsl_vref.c
Invoking: Cross ARM C Compiler
arm-none-eabi-gcc -mcpu=cortex-m4 -mthumb -mfloat-abi=hard -mfpu=fpv4-sp-d16 -O0 -fmessage-length=0 -fsigned-char -ffunction-sections -fdata-sections -Wall  -g3 -D"CPU_MK22FN512VDC12" -I../freertos/Source/include -I../startup -I../board -I../utilities -I../freertos/Source/portable/GCC/ARM_CM4F -I../CMSIS -I../source -I../drivers -std=gnu99 -MMD -MP -MF"drivers/fsl_vref.d" -MT"drivers/fsl_vref.o" -c -o "drivers/fsl_vref.o" "../drivers/fsl_vref.c"
Finished building: ../drivers/fsl_uart_freertos.c
 
Building file: ../drivers/fsl_wdog.c
Invoking: Cross ARM C Compiler
arm-none-eabi-gcc -mcpu=cortex-m4 -mthumb -mfloat-abi=hard -mfpu=fpv4-sp-d16 -O0 -fmessage-length=0 -fsigned-char -ffunction-sections -fdata-sections -Wall  -g3 -D"CPU_MK22FN512VDC12" -I../freertos/Source/include -I../startup -I../board -I../utilities -I../freertos/Source/portable/GCC/ARM_CM4F -I../CMSIS -I../source -I../drivers -std=gnu99 -MMD -MP -MF"drivers/fsl_wdog.d" -MT"drivers/fsl_wdog.o" -c -o "drivers/fsl_wdog.o" "../drivers/fsl_wdog.c"
Finished building: ../drivers/fsl_vref.c
 
Building file: ../board/board.c
Invoking: Cross ARM C Compiler
arm-none-eabi-gcc -mcpu=cortex-m4 -mthumb -mfloat-abi=hard -mfpu=fpv4-sp-d16 -O0 -fmessage-length=0 -fsigned-char -ffunction-sections -fdata-sections -Wall  -g3 -D"CPU_MK22FN512VDC12" -I../freertos/Source/include -I../startup -I../board -I../utilities -I../freertos/Source/portable/GCC/ARM_CM4F -I../CMSIS -I../source -I../drivers -std=gnu99 -MMD -MP -MF"board/board.d" -MT"board/board.o" -c -o "board/board.o" "../board/board.c"
Finished building: ../drivers/fsl_wdog.c
 
Building file: ../board/clock_config.c
Invoking: Cross ARM C Compiler
arm-none-eabi-gcc -mcpu=cortex-m4 -mthumb -mfloat-abi=hard -mfpu=fpv4-sp-d16 -O0 -fmessage-length=0 -fsigned-char -ffunction-sections -fdata-sections -Wall  -g3 -D"CPU_MK22FN512VDC12" -I../freertos/Source/include -I../startup -I../board -I../utilities -I../freertos/Source/portable/GCC/ARM_CM4F -I../CMSIS -I../source -I../drivers -std=gnu99 -MMD -MP -MF"board/clock_config.d" -MT"board/clock_config.o" -c -o "board/clock_config.o" "../board/clock_config.c"
Finished building: ../board/board.c
 
Building file: ../board/pin_mux.c
Invoking: Cross ARM C Compiler
arm-none-eabi-gcc -mcpu=cortex-m4 -mthumb -mfloat-abi=hard -mfpu=fpv4-sp-d16 -O0 -fmessage-length=0 -fsigned-char -ffunction-sections -fdata-sections -Wall  -g3 -D"CPU_MK22FN512VDC12" -I../freertos/Source/include -I../startup -I../board -I../utilities -I../freertos/Source/portable/GCC/ARM_CM4F -I../CMSIS -I../source -I../drivers -std=gnu99 -MMD -MP -MF"board/pin_mux.d" -MT"board/pin_mux.o" -c -o "board/pin_mux.o" "../board/pin_mux.c"
Finished building: ../board/clock_config.c
 
Finished building: ../board/pin_mux.c
 
Building target: FrequencyCounter.elf
Invoking: Cross ARM C++ Linker
arm-none-eabi-g++ -mcpu=cortex-m4 -mthumb -mfloat-abi=hard -mfpu=fpv4-sp-d16 -O0 -fmessage-length=0 -fsigned-char -ffunction-sections -fdata-sections -Wall  -g3 -T "../MK22FN512xxx12_flash.ld" -Xlinker --gc-sections -Wl,-Map,"FrequencyCounter.map" -specs=nosys.specs -specs=nano.specs -Xlinker -z -Xlinker muldefs -o "FrequencyCounter.elf"  ./utilities/fsl_debug_console.o ./utilities/fsl_notifier.o ./utilities/fsl_sbrk.o  ./startup/startup_MK22F51212.o ./startup/system_MK22F51212.o  ./source/util/util.o  ./source/tasks/tasks.o  ./source/hardware/gateTimer.o ./source/hardware/hardware.o  ./source/main.o  ./freertos/Source/portable/MemMang/heap_4.o  ./freertos/Source/portable/GCC/ARM_CM4F/port.o  ./freertos/Source/croutine.o ./freertos/Source/event_groups.o ./freertos/Source/list.o ./freertos/Source/queue.o ./freertos/Source/tasks.o ./freertos/Source/timers.o  ./drivers/fsl_adc16.o ./drivers/fsl_clock.o ./drivers/fsl_cmp.o ./drivers/fsl_common.o ./drivers/fsl_crc.o ./drivers/fsl_dac.o ./drivers/fsl_dmamux.o ./drivers/fsl_dspi.o ./drivers/fsl_dspi_edma.o ./drivers/fsl_dspi_freertos.o ./drivers/fsl_edma.o ./drivers/fsl_ewm.o ./drivers/fsl_flash.o ./drivers/fsl_flexbus.o ./drivers/fsl_ftm.o ./drivers/fsl_gpio.o ./drivers/fsl_i2c.o ./drivers/fsl_i2c_edma.o ./drivers/fsl_i2c_freertos.o ./drivers/fsl_llwu.o ./drivers/fsl_lptmr.o ./drivers/fsl_lpuart.o ./drivers/fsl_lpuart_edma.o ./drivers/fsl_lpuart_freertos.o ./drivers/fsl_pdb.o ./drivers/fsl_pit.o ./drivers/fsl_pmc.o ./drivers/fsl_rcm.o ./drivers/fsl_rnga.o ./drivers/fsl_rtc.o ./drivers/fsl_sai.o ./drivers/fsl_sai_edma.o ./drivers/fsl_sim.o ./drivers/fsl_smc.o ./drivers/fsl_uart.o ./drivers/fsl_uart_edma.o ./drivers/fsl_uart_freertos.o ./drivers/fsl_vref.o ./drivers/fsl_wdog.o  ./board/board.o ./board/clock_config.o ./board/pin_mux.o   
Finished building target: FrequencyCounter.elf
 
Invoking: Cross ARM GNU Create Flash Image
arm-none-eabi-objcopy -O ihex "FrequencyCounter.elf"  "FrequencyCounter.hex"
Invoking: Cross ARM GNU Print Size
arm-none-eabi-size --format=berkeley "FrequencyCounter.elf"
Finished building: FrequencyCounter.hex
 
   text	   data	    bss	    dec	    hex	filename
  35056	    136	  15320	  50512	   c550	FrequencyCounter.elf
Finished building: FrequencyCounter.siz
 
13:44:44 **** Incremental Build of configuration Debug for project FrequencyCounter ****
make -j2 all 
Invoking: Cross ARM GNU Print Size
arm-none-eabi-size --format=berkeley "FrequencyCounter.elf"
   text	   data	    bss	    dec	    hex	filename
  35056	    136	  15320	  50512	   c550	FrequencyCounter.elf
Finished building: FrequencyCounter.siz
 
